      Step     Time          Energy          fmax
FIRE:    0 15:43:37       77.452000       35.663645
FIRE:    1 15:43:37       60.394431       21.681373
FIRE:    2 15:43:37       48.376758       16.738641
FIRE:    3 15:43:38       39.509317       13.865703
FIRE:    4 15:43:38       32.741656       10.593986
FIRE:    5 15:43:38       27.495653        7.925417
FIRE:    6 15:43:38       23.442669        6.721059
FIRE:    7 15:43:38       20.389167        6.514963
FIRE:    8 15:43:38       18.193545        5.610359
FIRE:    9 15:43:38       16.723958        5.316413
FIRE:   10 15:43:38       15.797981        5.229475
FIRE:   11 15:43:38       15.168569        5.173965
FIRE:   12 15:43:38       14.574913        5.117055
FIRE:   13 15:43:38       13.831480        4.570533
FIRE:   14 15:43:38       12.896921        4.265842
FIRE:   15 15:43:38       11.855855        3.791617
FIRE:   16 15:43:38       10.824540        3.074034
FIRE:   17 15:43:38        9.877247        2.773692
FIRE:   18 15:43:38        9.051804        2.450047
FIRE:   19 15:43:38        8.382304        1.869811
FIRE:   20 15:43:38        7.894949        1.295765
FIRE:   21 15:43:38        7.581451        1.243674
FIRE:   22 15:43:38        7.393939        1.198499
FIRE:   23 15:43:38        7.278844        1.071563
FIRE:   24 15:43:38        7.208900        0.898500
FIRE:   25 15:43:38        7.175842        0.898788
FIRE:   26 15:43:38        6.765835        0.575314
FIRE:   27 15:43:38        6.543864        0.489087
FIRE:   28 15:43:38        6.411072        0.665100
FIRE:   29 15:43:38        6.271617        0.613403
FIRE:   30 15:43:39        6.150642        0.697001
FIRE:   31 15:43:39        5.950850        0.785937
FIRE:   32 15:43:39        5.641373        0.637685
FIRE:   33 15:43:39        5.328829        0.598663
FIRE:   34 15:43:39        5.030916        0.533644
FIRE:   35 15:43:39        4.749124        0.409078
FIRE:   36 15:43:39        4.522605        0.306564
FIRE:   37 15:43:39        4.412983        0.322100
FIRE:   38 15:43:39        4.465506        0.685951
FIRE:   39 15:43:39        4.350988        0.271781
FIRE:   40 15:43:39        4.334676        0.208079
FIRE:   41 15:43:39        4.327594        0.197315
FIRE:   42 15:43:39        4.317220        0.176623
FIRE:   43 15:43:39        4.308767        0.148506
FIRE:   44 15:43:39        4.305212        0.118974
FIRE:   45 15:43:39        4.304789        0.137286
FIRE:   46 15:43:40        4.304184        0.130452
FIRE:   47 15:43:40        4.303073        0.117309
FIRE:   48 15:43:40        4.301630        0.108071
FIRE:   49 15:43:40        4.300065        0.114408
FIRE:   50 15:43:40        4.298576        0.121376
FIRE:   51 15:43:40        4.297291        0.128382
FIRE:   52 15:43:40        4.296235        0.134754
FIRE:   53 15:43:40        4.295230        0.140353
FIRE:   54 15:43:40        4.294108        0.144373
FIRE:   55 15:43:40        4.292625        0.146121
FIRE:   56 15:43:40        4.290570        0.145080
FIRE:   57 15:43:40        4.287889        0.141053
FIRE:   58 15:43:40        4.284730        0.134545
FIRE:   59 15:43:40        4.281255        0.127418
FIRE:   60 15:43:40        4.277304        0.123038
FIRE:   61 15:43:40        4.272414        0.124699
FIRE:   62 15:43:40        4.266340        0.133503
FIRE:   63 15:43:40        4.259028        0.146392
FIRE:   64 15:43:40        4.249754        0.156866
FIRE:   65 15:43:40        4.237709        0.160585
FIRE:   66 15:43:40        4.222969        0.161653
FIRE:   67 15:43:40        4.203724        0.173216
FIRE:   68 15:43:40        4.178141        0.196028
FIRE:   69 15:43:40        4.144073        0.209033
FIRE:   70 15:43:40        4.097189        0.211477
FIRE:   71 15:43:40        4.045633        0.234488
FIRE:   72 15:43:40        3.990523        0.259629
FIRE:   73 15:43:40        3.931477        0.269477
FIRE:   74 15:43:41        3.868914        0.284473
FIRE:   75 15:43:41        3.802817        0.309853
FIRE:   76 15:43:41        3.733269        0.327434
FIRE:   77 15:43:41        3.660858        0.333784
FIRE:   78 15:43:41        3.586191        0.339668
FIRE:   79 15:43:41        3.510257        0.345789
FIRE:   80 15:43:41        3.434317        0.343196
FIRE:   81 15:43:41        3.359840        0.328507
FIRE:   82 15:43:41        3.288589        0.305211
FIRE:   83 15:43:41        3.222481        0.273820
FIRE:   84 15:43:41        3.163761        0.230158
FIRE:   85 15:43:41        3.114787        0.171461
FIRE:   86 15:43:41        3.078009        0.118413
FIRE:   87 15:43:41        3.055702        0.093753
FIRE:   88 15:43:41        3.049432        0.072727
FIRE:   89 15:43:41        3.046871        0.075401
FIRE:   90 15:43:41        3.044069        0.078747
FIRE:   91 15:43:41        3.042456        0.077665
FIRE:   92 15:43:41        3.042631        0.074123
FIRE:   93 15:43:41        3.042005        0.074424
FIRE:   94 15:43:41        3.041288        0.074805
FIRE:   95 15:43:41        3.040968        0.075072
FIRE:   96 15:43:41        3.040870        0.075273
FIRE:   97 15:43:41        3.040785        0.075301
FIRE:   98 15:43:41        3.040630        0.075347
FIRE:   99 15:43:41        3.040434        0.075395
FIRE:  100 15:43:41        3.040228        0.075425
FIRE:  101 15:43:42        3.040035        0.075418
FIRE:  102 15:43:42        3.039863        0.075362
FIRE:  103 15:43:42        3.039699        0.075263
FIRE:  104 15:43:42        3.039498        0.075123
FIRE:  105 15:43:42        3.039218        0.074964
FIRE:  106 15:43:42        3.038822        0.074816
FIRE:  107 15:43:42        3.038295        0.074719
FIRE:  108 15:43:42        3.037661        0.074714
FIRE:  109 15:43:42        3.036944        0.074865
FIRE:  110 15:43:42        3.036093        0.075230
FIRE:  111 15:43:42        3.034982        0.075805
FIRE:  112 15:43:42        3.033558        0.076444
FIRE:  113 15:43:42        3.031861        0.076903
FIRE:  114 15:43:42        3.029762        0.077296
FIRE:  115 15:43:42        3.027031        0.078371
FIRE:  116 15:43:42        3.023634        0.081157
FIRE:  117 15:43:42        3.019168        0.085835
FIRE:  118 15:43:42        3.013245        0.091392
FIRE:  119 15:43:42        3.005011        0.099319
FIRE:  120 15:43:42        2.993078        0.115323
FIRE:  121 15:43:42        2.974371        0.140420
FIRE:  122 15:43:42        2.942685        0.176467
FIRE:  123 15:43:42        2.888337        0.237015
FIRE:  124 15:43:42        2.816021        0.301535
FIRE:  125 15:43:42        2.721288        0.381902
FIRE:  126 15:43:42        2.604057        0.449169
FIRE:  127 15:43:43        2.470917        0.500158
FIRE:  128 15:43:43        2.333009        0.519625
FIRE:  129 15:43:43        2.212200        0.485663
FIRE:  130 15:43:43        2.136273        0.378309
FIRE:  131 15:43:43        2.108912        0.264335
FIRE:  132 15:43:43        2.058333        0.197089
FIRE:  133 15:43:43        2.046611        0.200091
FIRE:  134 15:43:43        2.038703        0.192689
FIRE:  135 15:43:43        2.033676        0.172712
FIRE:  136 15:43:43        2.021866        0.150453
FIRE:  137 15:43:43        2.009221        0.127078
FIRE:  138 15:43:43        2.001957        0.101111
FIRE:  139 15:43:43        1.993596        0.078979
FIRE:  140 15:43:43        1.985174        0.057209
FIRE:  141 15:43:43        1.982873        0.094920
FIRE:  142 15:43:43        1.981478        0.074478
FIRE:  143 15:43:43        1.979778        0.057141
FIRE:  144 15:43:43        1.978917        0.050545
FIRE:  145 15:43:43        1.978863        0.046276
FIRE:  146 15:43:43        1.978739        0.043787
FIRE:  147 15:43:43        1.978512        0.042617
FIRE:  148 15:43:43        1.978221        0.042332
FIRE:  149 15:43:43        1.977908        0.041907
FIRE:  150 15:43:43        1.977611        0.041305
FIRE:  151 15:43:44        1.977347        0.040481
FIRE:  152 15:43:44        1.977105        0.039404
FIRE:  153 15:43:44        1.976827        0.037919
FIRE:  154 15:43:44        1.976454        0.035949
FIRE:  155 15:43:44        1.975918        0.033410
FIRE:  156 15:43:44        1.975167        0.030446
FIRE:  157 15:43:44        1.974191        0.028721
FIRE:  158 15:43:44        1.973000        0.028948
FIRE:  159 15:43:44        1.971527        0.032082
FIRE:  160 15:43:44        1.969526        0.034496
FIRE:  161 15:43:44        1.966627        0.039781
FIRE:  162 15:43:44        1.962459        0.043943
FIRE:  163 15:43:44        1.956397        0.049524
FIRE:  164 15:43:44        1.946981        0.057751
FIRE:  165 15:43:44        1.931729        0.066046
FIRE:  166 15:43:44        1.906637        0.083435
FIRE:  167 15:43:44        1.864832        0.100206
FIRE:  168 15:43:44        1.798693        0.114919
FIRE:  169 15:43:44        1.722086        0.115561
FIRE:  170 15:43:44        1.664570        0.136472
FIRE:  171 15:43:44        1.644175        0.161553
FIRE:  172 15:43:44        1.641635        0.150054
FIRE:  173 15:43:44        1.638446        0.130070
FIRE:  174 15:43:44        1.635500        0.106000
FIRE:  175 15:43:45        1.632267        0.081621
FIRE:  176 15:43:45        1.629163        0.058239
FIRE:  177 15:43:45        1.627270        0.034798
FIRE:  178 15:43:45        1.626428        0.034027
FIRE:  179 15:43:45        1.626218        0.036745
FIRE:  180 15:43:45        1.626112        0.033514
FIRE:  181 15:43:45        1.625927        0.027652
FIRE:  182 15:43:45        1.625707        0.020455
FIRE:  183 15:43:45        1.625493        0.014230
FIRE:  184 15:43:45        1.625307        0.012068
FIRE:  185 15:43:45        1.625148        0.013318
FIRE:  186 15:43:45        1.625006        0.014041
FIRE:  187 15:43:45        1.624861        0.012202
FIRE:  188 15:43:45        1.624735        0.009418
