      Step     Time          Energy          fmax
FIRE:    0 15:44:52      666.286262      359.954970
FIRE:    1 15:44:52      501.506492      227.860362
FIRE:    2 15:44:52      397.781934      135.450468
FIRE:    3 15:44:52      336.448222       95.524296
FIRE:    4 15:44:52      302.801048       96.659275
FIRE:    5 15:44:52      284.409680       88.369079
FIRE:    6 15:44:52      271.010940       95.173361
FIRE:    7 15:44:52      254.697539      102.673463
FIRE:    8 15:44:52      231.282357       93.944073
FIRE:    9 15:44:52      203.474713       71.077557
FIRE:   10 15:44:52      177.818511       45.665873
FIRE:   11 15:44:52      159.301312       36.535455
FIRE:   12 15:44:52      148.648007       32.385520
FIRE:   13 15:44:52      141.954532       43.108713
FIRE:   14 15:44:52      134.036973       49.402733
FIRE:   15 15:44:53      122.797077       41.164834
FIRE:   16 15:44:53      110.935547       27.623217
FIRE:   17 15:44:53      102.443902       26.205249
FIRE:   18 15:44:53       97.822499       25.277916
FIRE:   19 15:44:53       93.555872       29.819622
FIRE:   20 15:44:53       87.003913       26.516894
FIRE:   21 15:44:53       79.378834       21.471164
FIRE:   22 15:44:53       73.545079       20.201956
FIRE:   23 15:44:53       69.644191       19.219957
FIRE:   24 15:44:53       65.350007       18.471078
FIRE:   25 15:44:53       59.908381       16.875772
FIRE:   26 15:44:53       54.839466       15.652246
FIRE:   27 15:44:53       51.158079       14.660899
FIRE:   28 15:44:53       47.763528       13.702371
FIRE:   29 15:44:53       43.851165       12.635752
FIRE:   30 15:44:53       40.102119       11.595473
FIRE:   31 15:44:53       37.202737       10.715155
FIRE:   32 15:44:54       34.602442        9.884227
FIRE:   33 15:44:54       31.843850        9.010571
FIRE:   34 15:44:54       29.238165        8.160391
FIRE:   35 15:44:54       27.140613        7.415111
FIRE:   36 15:44:54       25.305774        6.724515
FIRE:   37 15:44:54       23.469501        6.028637
FIRE:   38 15:44:54       21.738160        5.352520
FIRE:   39 15:44:54       20.313164        4.749113
FIRE:   40 15:44:54       19.113410        4.199539
FIRE:   41 15:44:54       17.974987        3.661145
FIRE:   42 15:44:54       16.917006        3.138493
FIRE:   43 15:44:54       16.050247        2.664646
FIRE:   44 15:44:54       15.364198        2.239234
FIRE:   45 15:44:54       14.762912        1.832176
FIRE:   46 15:44:54       14.234434        1.439999
FIRE:   47 15:44:54       13.819844        1.428867
FIRE:   48 15:44:54       13.504981        1.685619
FIRE:   49 15:44:54       13.226246        1.806246
FIRE:   50 15:44:54       12.952707        1.775568
FIRE:   51 15:44:55       12.693622        1.599560
FIRE:   52 15:44:55       12.465276        1.353683
FIRE:   53 15:44:55       12.263164        1.358500
FIRE:   54 15:44:55       12.065593        1.358813
FIRE:   55 15:44:55       11.852578        1.370982
FIRE:   56 15:44:55       11.612219        1.425112
FIRE:   57 15:44:55       11.339871        1.438123
FIRE:   58 15:44:55       11.036988        1.401055
FIRE:   59 15:44:55       10.710462        1.337925
FIRE:   60 15:44:55       10.373651        1.317284
FIRE:   61 15:44:55       10.046102        1.267403
FIRE:   62 15:44:55        9.753959        1.475769
FIRE:   63 15:44:55        9.537372        1.803443
FIRE:   64 15:44:55        9.467856        1.936324
FIRE:   65 15:44:55        9.294721        0.938720
FIRE:   66 15:44:55        9.307125        1.535895
FIRE:   67 15:44:55        9.114357        0.607308
FIRE:   68 15:44:55        9.115898        0.883363
FIRE:   69 15:44:55        9.095790        0.738909
FIRE:   70 15:44:55        9.066139        0.604388
FIRE:   71 15:44:55        9.040986        0.606081
FIRE:   72 15:44:55        9.028199        0.594483
FIRE:   73 15:44:55        9.022791        0.573289
FIRE:   74 15:44:56        9.012642        0.571403
FIRE:   75 15:44:56        8.990381        0.555555
FIRE:   76 15:44:56        8.954642        0.520183
FIRE:   77 15:44:56        8.917307        0.500966
FIRE:   78 15:44:56        8.891810        0.466975
FIRE:   79 15:44:56        8.866228        0.509090
FIRE:   80 15:44:56        8.820774        0.383976
FIRE:   81 15:44:56        8.779112        0.328618
FIRE:   82 15:44:56        8.755657        0.490552
FIRE:   83 15:44:56        8.715770        0.173647
FIRE:   84 15:44:56        8.715276        0.612757
FIRE:   85 15:44:56        8.704698        0.407399
FIRE:   86 15:44:56        8.696201        0.078672
FIRE:   87 15:44:56        8.699159        0.287178
FIRE:   88 15:44:56        8.698481        0.263571
FIRE:   89 15:44:56        8.697333        0.218385
FIRE:   90 15:44:56        8.696060        0.155573
FIRE:   91 15:44:56        8.695031        0.081135
FIRE:   92 15:44:56        8.694505        0.071813
FIRE:   93 15:44:56        8.694470        0.074166
FIRE:   94 15:44:56        8.694449        0.072643
FIRE:   95 15:44:56        8.694408        0.070566
FIRE:   96 15:44:56        8.694349        0.070472
FIRE:   97 15:44:56        8.694274        0.070345
FIRE:   98 15:44:57        8.694187        0.070182
FIRE:   99 15:44:57        8.694090        0.069982
FIRE:  100 15:44:57        8.693988        0.069743
FIRE:  101 15:44:57        8.693870        0.069430
FIRE:  102 15:44:57        8.693739        0.069024
FIRE:  103 15:44:57        8.693593        0.068502
FIRE:  104 15:44:57        8.693430        0.067842
FIRE:  105 15:44:57        8.693243        0.067022
FIRE:  106 15:44:57        8.693018        0.066024
FIRE:  107 15:44:57        8.692737        0.064829
FIRE:  108 15:44:57        8.692387        0.063407
FIRE:  109 15:44:57        8.691963        0.061715
FIRE:  110 15:44:57        8.691477        0.059685
FIRE:  111 15:44:57        8.690949        0.057230
FIRE:  112 15:44:57        8.690375        0.054285
FIRE:  113 15:44:57        8.689724        0.050834
FIRE:  114 15:44:57        8.688984        0.046856
FIRE:  115 15:44:57        8.688205        0.042273
FIRE:  116 15:44:57        8.687410        0.037050
FIRE:  117 15:44:57        8.686539        0.031269
FIRE:  118 15:44:57        8.685648        0.031226
FIRE:  119 15:44:57        8.684739        0.032045
FIRE:  120 15:44:57        8.683797        0.030839
FIRE:  121 15:44:57        8.682902        0.026346
FIRE:  122 15:44:57        8.682129        0.032014
FIRE:  123 15:44:58        8.681538        0.037263
FIRE:  124 15:44:58        8.681211        0.042998
FIRE:  125 15:44:58        8.681014        0.048018
FIRE:  126 15:44:58        8.680690        0.052674
FIRE:  127 15:44:58        8.679999        0.055322
FIRE:  128 15:44:58        8.679207        0.102940
FIRE:  129 15:44:58        8.678624        0.054641
FIRE:  130 15:44:58        8.678591        0.054563
FIRE:  131 15:44:58        8.678531        0.054397
FIRE:  132 15:44:58        8.678452        0.054121
FIRE:  133 15:44:58        8.678351        0.053719
FIRE:  134 15:44:58        8.678223        0.053191
FIRE:  135 15:44:58        8.678070        0.052558
FIRE:  136 15:44:58        8.677897        0.051860
FIRE:  137 15:44:58        8.677689        0.051079
FIRE:  138 15:44:58        8.677434        0.050285
FIRE:  139 15:44:58        8.677125        0.049537
FIRE:  140 15:44:58        8.676764        0.048825
FIRE:  141 15:44:58        8.676343        0.048067
FIRE:  142 15:44:58        8.675859        0.047251
FIRE:  143 15:44:58        8.675316        0.046579
FIRE:  144 15:44:58        8.674712        0.046118
FIRE:  145 15:44:58        8.674044        0.045426
FIRE:  146 15:44:58        8.673305        0.044750
FIRE:  147 15:44:59        8.672477        0.044374
FIRE:  148 15:44:59        8.671558        0.043556
FIRE:  149 15:44:59        8.670696        0.086010
FIRE:  150 15:44:59        8.671002        0.208607
FIRE:  151 15:44:59        8.668900        0.045185
FIRE:  152 15:44:59        8.668885        0.045197
FIRE:  153 15:44:59        8.668856        0.045223
FIRE:  154 15:44:59        8.668812        0.045270
FIRE:  155 15:44:59        8.668754        0.045343
FIRE:  156 15:44:59        8.668682        0.045447
FIRE:  157 15:44:59        8.668596        0.045582
FIRE:  158 15:44:59        8.668496        0.045744
FIRE:  159 15:44:59        8.668369        0.045944
FIRE:  160 15:44:59        8.668210        0.046179
FIRE:  161 15:44:59        8.668011        0.046446
FIRE:  162 15:44:59        8.667765        0.046763
FIRE:  163 15:44:59        8.667461        0.047176
FIRE:  164 15:44:59        8.667088        0.047742
FIRE:  165 15:44:59        8.666630        0.048482
FIRE:  166 15:44:59        8.666070        0.049375
FIRE:  167 15:44:59        8.665385        0.050479
FIRE:  168 15:44:59        8.664545        0.051908
FIRE:  169 15:44:59        8.663510        0.053532
FIRE:  170 15:44:59        8.662225        0.055486
FIRE:  171 15:45:00        8.660610        0.057707
FIRE:  172 15:45:00        8.658558        0.060151
FIRE:  173 15:45:00        8.655913        0.062739
FIRE:  174 15:45:00        8.652467        0.065767
FIRE:  175 15:45:00        8.648133        0.068593
FIRE:  176 15:45:00        8.655302        0.533633
FIRE:  177 15:45:00        8.655117        0.534093
FIRE:  178 15:45:00        8.645157        0.266363
FIRE:  179 15:45:00        8.642583        0.133268
FIRE:  180 15:45:00        8.642378        0.116679
FIRE:  181 15:45:00        8.642060        0.085611
FIRE:  182 15:45:00        8.641771        0.075176
FIRE:  183 15:45:00        8.641626        0.074763
FIRE:  184 15:45:00        8.641636        0.074390
FIRE:  185 15:45:00        8.641627        0.074405
FIRE:  186 15:45:00        8.641611        0.074434
FIRE:  187 15:45:00        8.641587        0.074478
FIRE:  188 15:45:00        8.641559        0.074533
FIRE:  189 15:45:00        8.641527        0.074598
FIRE:  190 15:45:00        8.641494        0.074671
FIRE:  191 15:45:00        8.641461        0.074748
FIRE:  192 15:45:00        8.641426        0.074835
FIRE:  193 15:45:00        8.641387        0.074926
FIRE:  194 15:45:01        8.641343        0.075016
FIRE:  195 15:45:01        8.641290        0.075097
FIRE:  196 15:45:01        8.641220        0.075159
FIRE:  197 15:45:01        8.641128        0.075196
FIRE:  198 15:45:01        8.641009        0.075202
FIRE:  199 15:45:01        8.640862        0.075182
FIRE:  200 15:45:01        8.640690        0.075153
FIRE:  201 15:45:01        8.640489        0.075154
FIRE:  202 15:45:01        8.640240        0.075242
FIRE:  203 15:45:01        8.639923        0.075460
FIRE:  204 15:45:01        8.639534        0.075822
FIRE:  205 15:45:01        8.639071        0.076273
FIRE:  206 15:45:01        8.638497        0.076728
FIRE:  207 15:45:01        8.637782        0.077181
FIRE:  208 15:45:01        8.636917        0.077814
FIRE:  209 15:45:01        8.635835        0.078855
FIRE:  210 15:45:01        8.634509        0.080184
FIRE:  211 15:45:01        8.632847        0.081381
FIRE:  212 15:45:01        8.630788        0.082787
FIRE:  213 15:45:01        8.628206        0.084959
FIRE:  214 15:45:01        8.624960        0.086907
FIRE:  215 15:45:01        8.620913        0.090832
FIRE:  216 15:45:01        8.616325        0.125476
FIRE:  217 15:45:01        8.615158        0.362800
FIRE:  218 15:45:02        8.608912        0.100332
FIRE:  219 15:45:02        8.608823        0.100505
FIRE:  220 15:45:02        8.608679        0.100816
FIRE:  221 15:45:02        8.608511        0.101204
FIRE:  222 15:45:02        8.608309        0.101596
FIRE:  223 15:45:02        8.608039        0.101942
FIRE:  224 15:45:02        8.607689        0.102232
FIRE:  225 15:45:02        8.607284        0.102494
FIRE:  226 15:45:02        8.606796        0.102830
FIRE:  227 15:45:02        8.606180        0.103368
FIRE:  228 15:45:02        8.605372        0.104216
FIRE:  229 15:45:02        8.604364        0.105364
FIRE:  230 15:45:02        8.603113        0.106640
FIRE:  231 15:45:02        8.601501        0.107943
FIRE:  232 15:45:02        8.599499        0.109594
FIRE:  233 15:45:02        8.596931        0.112135
FIRE:  234 15:45:02        8.593695        0.115321
FIRE:  235 15:45:02        8.589543        0.118680
FIRE:  236 15:45:02        8.584191        0.123629
FIRE:  237 15:45:02        8.577246        0.129007
FIRE:  238 15:45:02        8.568181        0.136680
FIRE:  239 15:45:02        8.557124        0.154587
FIRE:  240 15:45:02        8.555425        0.575579
FIRE:  241 15:45:02        8.540304        0.158281
FIRE:  242 15:45:02        8.539779        0.158882
FIRE:  243 15:45:03        8.539141        0.159925
FIRE:  244 15:45:03        8.538711        0.161170
FIRE:  245 15:45:03        8.538299        0.162355
FIRE:  246 15:45:03        8.537526        0.163359
FIRE:  247 15:45:03        8.536367        0.164179
FIRE:  248 15:45:03        8.535128        0.164911
FIRE:  249 15:45:03        8.533847        0.165895
FIRE:  250 15:45:03        8.532162        0.167543
FIRE:  251 15:45:03        8.529733        0.170110
FIRE:  252 15:45:03        8.526898        0.173436
FIRE:  253 15:45:03        8.523361        0.176880
FIRE:  254 15:45:03        8.518581        0.180273
FIRE:  255 15:45:03        8.512808        0.184764
FIRE:  256 15:45:03        8.505036        0.191593
FIRE:  257 15:45:03        8.495224        0.199414
FIRE:  258 15:45:03        8.482458        0.207398
FIRE:  259 15:45:03        8.465660        0.219157
FIRE:  260 15:45:03        8.443794        0.230590
FIRE:  261 15:45:03        8.417006        0.271753
FIRE:  262 15:45:03        8.403344        0.805118
FIRE:  263 15:45:03        8.372800        0.272800
FIRE:  264 15:45:03        8.372183        0.273032
FIRE:  265 15:45:03        8.371138        0.273527
FIRE:  266 15:45:04        8.369826        0.274366
FIRE:  267 15:45:04        8.368187        0.275655
FIRE:  268 15:45:04        8.366033        0.277463
FIRE:  269 15:45:04        8.363299        0.279777
FIRE:  270 15:45:04        8.360112        0.282497
FIRE:  271 15:45:04        8.356172        0.285803
FIRE:  272 15:45:04        8.351145        0.289610
FIRE:  273 15:45:04        8.344556        0.293910
FIRE:  274 15:45:04        8.336208        0.298948
FIRE:  275 15:45:04        8.325607        0.305364
FIRE:  276 15:45:04        8.311787        0.313815
FIRE:  277 15:45:04        8.294085        0.324433
FIRE:  278 15:45:04        8.270772        0.337324
FIRE:  279 15:45:04        8.240106        0.354313
FIRE:  280 15:45:04        8.198740        0.378149
FIRE:  281 15:45:04        8.141659        0.409488
FIRE:  282 15:45:04        8.060496        0.450555
FIRE:  283 15:45:04        7.942384        0.495177
FIRE:  284 15:45:04        7.805818        0.538191
FIRE:  285 15:45:04        7.653132        0.578274
FIRE:  286 15:45:04        7.486259        0.603151
FIRE:  287 15:45:04        7.312801        0.597121
FIRE:  288 15:45:04        7.144661        0.565868
FIRE:  289 15:45:04        7.003250        0.477336
FIRE:  290 15:45:05        6.914374        0.354870
FIRE:  291 15:45:05        6.901673        0.481843
FIRE:  292 15:45:05        6.962672        1.572119
FIRE:  293 15:45:05        6.862250        0.257366
FIRE:  294 15:45:05        6.860906        0.250912
FIRE:  295 15:45:05        6.858626        0.238835
FIRE:  296 15:45:05        6.855822        0.222617
FIRE:  297 15:45:05        6.852523        0.206631
FIRE:  298 15:45:05        6.848516        0.210692
FIRE:  299 15:45:05        6.843826        0.213677
FIRE:  300 15:45:05        6.838858        0.215872
FIRE:  301 15:45:05        6.833468        0.218291
FIRE:  302 15:45:05        6.827534        0.222235
FIRE:  303 15:45:05        6.820821        0.228347
FIRE:  304 15:45:05        6.813869        0.235107
FIRE:  305 15:45:05        6.806725        0.238109
FIRE:  306 15:45:05        6.799016        0.234359
FIRE:  307 15:45:05        6.791118        0.225802
FIRE:  308 15:45:05        6.782143        0.215509
FIRE:  309 15:45:05        6.772182        0.195849
FIRE:  310 15:45:05        6.760791        0.161276
FIRE:  311 15:45:06        6.748708        0.126626
FIRE:  312 15:45:06        6.738415        0.076551
FIRE:  313 15:45:06        6.733831        0.168783
FIRE:  314 15:45:06        6.732559        0.056973
FIRE:  315 15:45:06        6.732729        0.112436
FIRE:  316 15:45:06        6.732514        0.090963
FIRE:  317 15:45:06        6.732220        0.052269
FIRE:  318 15:45:06        6.732019        0.046377
FIRE:  319 15:45:06        6.731975        0.041773
FIRE:  320 15:45:06        6.731963        0.040409
FIRE:  321 15:45:06        6.731940        0.040282
FIRE:  322 15:45:06        6.731909        0.040077
FIRE:  323 15:45:06        6.731873        0.039777
FIRE:  324 15:45:06        6.731834        0.039357
FIRE:  325 15:45:06        6.731794        0.038785
FIRE:  326 15:45:06        6.731756        0.038028
FIRE:  327 15:45:06        6.731713        0.036942
FIRE:  328 15:45:06        6.731663        0.035425
FIRE:  329 15:45:06        6.731604        0.033371
FIRE:  330 15:45:06        6.731529        0.033123
FIRE:  331 15:45:06        6.731437        0.033696
FIRE:  332 15:45:06        6.731332        0.034509
FIRE:  333 15:45:06        6.731222        0.035483
FIRE:  334 15:45:07        6.731113        0.036407
FIRE:  335 15:45:07        6.730997        0.036993
FIRE:  336 15:45:07        6.730870        0.037025
FIRE:  337 15:45:07        6.730741        0.036472
FIRE:  338 15:45:07        6.730617        0.035673
FIRE:  339 15:45:07        6.730470        0.035001
FIRE:  340 15:45:07        6.730300        0.034230
FIRE:  341 15:45:07        6.730105        0.032305
FIRE:  342 15:45:07        6.729861        0.028582
FIRE:  343 15:45:07        6.729606        0.024008
FIRE:  344 15:45:07        6.729350        0.020127
FIRE:  345 15:45:07        6.729136        0.014410
FIRE:  346 15:45:07        6.728980        0.012243
FIRE:  347 15:45:07        6.728885        0.028489
FIRE:  348 15:45:07        6.728850        0.011383
FIRE:  349 15:45:07        6.728842        0.014350
FIRE:  350 15:45:07        6.728838        0.012158
FIRE:  351 15:45:07        6.728832        0.010151
FIRE:  352 15:45:07        6.728826        0.009343
