      Step     Time          Energy          fmax
FIRE:    0 15:48:37      138.916979       59.433354
FIRE:    1 15:48:37      111.005504       40.801562
FIRE:    2 15:48:37       90.483257       30.342549
FIRE:    3 15:48:37       74.540883       25.957471
FIRE:    4 15:48:37       61.644079       22.254809
FIRE:    5 15:48:37       50.978555       19.785632
FIRE:    6 15:48:37       42.097656       17.392235
FIRE:    7 15:48:37       34.726310       14.856023
FIRE:    8 15:48:38       28.660194       12.332594
FIRE:    9 15:48:38       23.735639        9.975750
FIRE:   10 15:48:38       19.804158        7.891949
FIRE:   11 15:48:38       16.726543        6.112779
FIRE:   12 15:48:38       14.373733        5.215915
FIRE:   13 15:48:38       12.623184        4.796670
FIRE:   14 15:48:38       11.349070        4.488649
FIRE:   15 15:48:38       10.406821        4.326226
FIRE:   16 15:48:38        9.632527        5.123384
FIRE:   17 15:48:38        8.886399        5.199361
FIRE:   18 15:48:38        8.121027        4.495717
FIRE:   19 15:48:38        7.387632        3.268070
FIRE:   20 15:48:38        6.757477        3.482910
FIRE:   21 15:48:38        6.246814        3.394672
FIRE:   22 15:48:38        5.821097        2.852677
FIRE:   23 15:48:38        5.432803        2.233424
FIRE:   24 15:48:38        5.045909        2.300358
FIRE:   25 15:48:38        4.668520        1.995520
FIRE:   26 15:48:38        4.365099        1.386538
FIRE:   27 15:48:38        4.205297        0.932850
FIRE:   28 15:48:38        4.201477        0.970104
FIRE:   29 15:48:38        3.927264        0.652661
FIRE:   30 15:48:38        3.754501        0.753447
FIRE:   31 15:48:39        3.551065        0.591645
FIRE:   32 15:48:39        3.380510        0.547803
FIRE:   33 15:48:39        3.276621        0.494751
FIRE:   34 15:48:39        3.194283        0.574138
FIRE:   35 15:48:39        3.102725        0.558449
FIRE:   36 15:48:39        3.041516        0.387722
FIRE:   37 15:48:39        3.075025        0.561405
FIRE:   38 15:48:39        3.016603        0.321550
FIRE:   39 15:48:39        2.989046        0.388187
FIRE:   40 15:48:39        2.982461        0.338105
FIRE:   41 15:48:39        2.972146        0.246994
FIRE:   42 15:48:39        2.961857        0.214597
FIRE:   43 15:48:39        2.953576        0.203934
FIRE:   44 15:48:39        2.946212        0.191767
FIRE:   45 15:48:39        2.937411        0.177794
FIRE:   46 15:48:39        2.926277        0.162396
FIRE:   47 15:48:39        2.912618        0.189988
FIRE:   48 15:48:40        2.898462        0.225441
FIRE:   49 15:48:40        2.883965        0.255895
FIRE:   50 15:48:40        2.866002        0.275751
FIRE:   51 15:48:40        2.841512        0.284498
FIRE:   52 15:48:40        2.808640        0.284982
FIRE:   53 15:48:40        2.766057        0.279231
FIRE:   54 15:48:40        2.712639        0.263344
FIRE:   55 15:48:40        2.642911        0.229505
FIRE:   56 15:48:40        2.577525        0.196569
FIRE:   57 15:48:40        2.519310        0.206551
FIRE:   58 15:48:40        2.471202        0.195756
FIRE:   59 15:48:40        2.433071        0.165832
FIRE:   60 15:48:40        2.397488        0.146556
FIRE:   61 15:48:40        2.360808        0.130678
FIRE:   62 15:48:40        2.323163        0.151110
FIRE:   63 15:48:40        2.278344        0.185076
FIRE:   64 15:48:40        2.224664        0.216165
FIRE:   65 15:48:40        2.165684        0.212164
FIRE:   66 15:48:40        2.106292        0.180221
FIRE:   67 15:48:40        2.050435        0.168613
FIRE:   68 15:48:40        1.998338        0.174663
FIRE:   69 15:48:41        1.950260        0.192306
FIRE:   70 15:48:41        1.905632        0.190560
FIRE:   71 15:48:41        1.862023        0.172692
FIRE:   72 15:48:41        1.821949        0.151732
FIRE:   73 15:48:41        1.789936        0.136021
FIRE:   74 15:48:41        1.772380        0.122738
FIRE:   75 15:48:41        1.771689        0.169854
FIRE:   76 15:48:41        1.756930        0.097200
FIRE:   77 15:48:41        1.757332        0.225915
FIRE:   78 15:48:41        1.749136        0.103446
FIRE:   79 15:48:41        1.747750        0.177853
FIRE:   80 15:48:41        1.745590        0.118606
FIRE:   81 15:48:41        1.743569        0.060827
FIRE:   82 15:48:41        1.743319        0.087278
FIRE:   83 15:48:41        1.743168        0.079807
FIRE:   84 15:48:41        1.742905        0.065591
FIRE:   85 15:48:41        1.742588        0.061105
FIRE:   86 15:48:41        1.742280        0.060634
FIRE:   87 15:48:41        1.742015        0.060101
FIRE:   88 15:48:41        1.741785        0.059546
FIRE:   89 15:48:41        1.741545        0.059010
FIRE:   90 15:48:41        1.741211        0.058470
FIRE:   91 15:48:41        1.740727        0.057950
FIRE:   92 15:48:42        1.740082        0.057457
FIRE:   93 15:48:42        1.739330        0.056964
FIRE:   94 15:48:42        1.738533        0.056381
FIRE:   95 15:48:42        1.737624        0.055553
FIRE:   96 15:48:42        1.736440        0.055579
FIRE:   97 15:48:42        1.734967        0.055944
FIRE:   98 15:48:42        1.733337        0.056439
FIRE:   99 15:48:42        1.731370        0.057147
FIRE:  100 15:48:42        1.728945        0.058105
FIRE:  101 15:48:42        1.726234        0.059313
FIRE:  102 15:48:42        1.722881        0.060864
FIRE:  103 15:48:42        1.719076        0.062331
FIRE:  104 15:48:42        1.714400        0.063031
FIRE:  105 15:48:42        1.708875        0.062873
FIRE:  106 15:48:42        1.702377        0.062048
FIRE:  107 15:48:42        1.695104        0.095550
FIRE:  108 15:48:42        1.688366        0.177098
FIRE:  109 15:48:42        1.691257        0.440793
FIRE:  110 15:48:42        1.675517        0.053478
FIRE:  111 15:48:42        1.675443        0.053395
FIRE:  112 15:48:42        1.675308        0.053233
FIRE:  113 15:48:42        1.675123        0.053006
FIRE:  114 15:48:42        1.674888        0.052732
FIRE:  115 15:48:42        1.674591        0.052432
FIRE:  116 15:48:42        1.674227        0.052117
FIRE:  117 15:48:43        1.673804        0.051785
FIRE:  118 15:48:43        1.673279        0.051386
FIRE:  119 15:48:43        1.672626        0.050895
FIRE:  120 15:48:43        1.671801        0.050302
FIRE:  121 15:48:43        1.670782        0.049631
FIRE:  122 15:48:43        1.669536        0.048961
FIRE:  123 15:48:43        1.667999        0.048377
FIRE:  124 15:48:43        1.666138        0.047837
FIRE:  125 15:48:43        1.663874        0.047192
FIRE:  126 15:48:43        1.661158        0.046480
FIRE:  127 15:48:43        1.657899        0.045895
FIRE:  128 15:48:43        1.654022        0.044875
FIRE:  129 15:48:43        1.649448        0.043493
FIRE:  130 15:48:43        1.644131        0.041110
FIRE:  131 15:48:43        1.638462        0.070989
FIRE:  132 15:48:43        1.637746        0.275289
FIRE:  133 15:48:43        1.631478        0.035483
FIRE:  134 15:48:43        1.631397        0.035403
FIRE:  135 15:48:43        1.631284        0.035258
FIRE:  136 15:48:43        1.631181        0.035086
FIRE:  137 15:48:43        1.631073        0.034949
FIRE:  138 15:48:43        1.630913        0.034890
FIRE:  139 15:48:43        1.630689        0.034913
FIRE:  140 15:48:43        1.630436        0.034981
FIRE:  141 15:48:43        1.630157        0.035030
FIRE:  142 15:48:44        1.629814        0.034969
FIRE:  143 15:48:44        1.629348        0.034737
FIRE:  144 15:48:44        1.628790        0.034343
FIRE:  145 15:48:44        1.628132        0.033961
FIRE:  146 15:48:44        1.627284        0.033735
FIRE:  147 15:48:44        1.626302        0.033431
FIRE:  148 15:48:44        1.625072        0.032671
FIRE:  149 15:48:44        1.623641        0.031735
FIRE:  150 15:48:44        1.621925        0.031239
FIRE:  151 15:48:44        1.619906        0.029948
FIRE:  152 15:48:44        1.617588        0.029216
FIRE:  153 15:48:44        1.615152        0.058242
FIRE:  154 15:48:44        1.614170        0.160781
FIRE:  155 15:48:44        1.611926        0.026190
FIRE:  156 15:48:44        1.611909        0.026183
FIRE:  157 15:48:44        1.611876        0.026167
FIRE:  158 15:48:44        1.611826        0.026137
FIRE:  159 15:48:44        1.611761        0.026090
FIRE:  160 15:48:44        1.611679        0.026021
FIRE:  161 15:48:44        1.611581        0.025931
FIRE:  162 15:48:44        1.611467        0.025821
FIRE:  163 15:48:44        1.611322        0.025684
FIRE:  164 15:48:44        1.611141        0.025523
FIRE:  165 15:48:44        1.610914        0.025340
FIRE:  166 15:48:44        1.610632        0.025130
FIRE:  167 15:48:45        1.610285        0.024871
FIRE:  168 15:48:45        1.609858        0.024539
FIRE:  169 15:48:45        1.609337        0.024145
FIRE:  170 15:48:45        1.608703        0.023727
FIRE:  171 15:48:45        1.607939        0.023266
FIRE:  172 15:48:45        1.607021        0.022675
FIRE:  173 15:48:45        1.605929        0.022034
FIRE:  174 15:48:45        1.604640        0.021246
FIRE:  175 15:48:45        1.603133        0.020319
FIRE:  176 15:48:45        1.601393        0.019168
FIRE:  177 15:48:45        1.599414        0.017929
FIRE:  178 15:48:45        1.597448        0.054474
FIRE:  179 15:48:45        1.603426        0.320530
FIRE:  180 15:48:45        1.598173        0.199334
FIRE:  181 15:48:45        1.596051        0.119393
FIRE:  182 15:48:45        1.594862        0.014789
FIRE:  183 15:48:45        1.594858        0.014772
FIRE:  184 15:48:45        1.594851        0.014739
FIRE:  185 15:48:45        1.594841        0.014692
FIRE:  186 15:48:45        1.594829        0.014637
FIRE:  187 15:48:45        1.594816        0.014578
FIRE:  188 15:48:45        1.594800        0.014521
FIRE:  189 15:48:45        1.594783        0.014471
FIRE:  190 15:48:45        1.594760        0.014428
FIRE:  191 15:48:46        1.594730        0.014394
FIRE:  192 15:48:46        1.594693        0.014370
FIRE:  193 15:48:46        1.594647        0.014348
FIRE:  194 15:48:46        1.594592        0.014313
FIRE:  195 15:48:46        1.594522        0.014245
FIRE:  196 15:48:46        1.594436        0.014134
FIRE:  197 15:48:46        1.594331        0.014187
FIRE:  198 15:48:46        1.594203        0.014211
FIRE:  199 15:48:46        1.594045        0.014114
FIRE:  200 15:48:46        1.593855        0.013937
FIRE:  201 15:48:46        1.593624        0.013838
FIRE:  202 15:48:46        1.593346        0.013803
FIRE:  203 15:48:46        1.593011        0.013531
FIRE:  204 15:48:46        1.592611        0.013414
FIRE:  205 15:48:46        1.592138        0.013162
FIRE:  206 15:48:46        1.591588        0.012845
FIRE:  207 15:48:46        1.590999        0.027248
FIRE:  208 15:48:46        1.590602        0.066587
FIRE:  209 15:48:46        1.590214        0.012176
FIRE:  210 15:48:46        1.590461        0.059176
FIRE:  211 15:48:46        1.590337        0.045352
FIRE:  212 15:48:47        1.590195        0.020966
FIRE:  213 15:48:47        1.590153        0.012011
FIRE:  214 15:48:47        1.590151        0.012022
FIRE:  215 15:48:47        1.590148        0.012044
FIRE:  216 15:48:47        1.590144        0.012074
FIRE:  217 15:48:47        1.590138        0.012111
FIRE:  218 15:48:47        1.590132        0.012151
FIRE:  219 15:48:47        1.590126        0.012192
FIRE:  220 15:48:47        1.590119        0.012228
FIRE:  221 15:48:47        1.590110        0.012259
FIRE:  222 15:48:47        1.590100        0.012279
FIRE:  223 15:48:47        1.590086        0.012280
FIRE:  224 15:48:47        1.590068        0.012258
FIRE:  225 15:48:47        1.590045        0.012210
FIRE:  226 15:48:47        1.590017        0.012143
FIRE:  227 15:48:47        1.589984        0.012073
FIRE:  228 15:48:47        1.589944        0.012024
FIRE:  229 15:48:47        1.589893        0.012016
FIRE:  230 15:48:47        1.589831        0.012046
FIRE:  231 15:48:47        1.589757        0.012071
FIRE:  232 15:48:47        1.589666        0.012026
FIRE:  233 15:48:47        1.589554        0.011896
FIRE:  234 15:48:47        1.589421        0.011778
FIRE:  235 15:48:47        1.589258        0.011767
FIRE:  236 15:48:47        1.589064        0.011736
FIRE:  237 15:48:48        1.588830        0.011500
FIRE:  238 15:48:48        1.588551        0.011383
FIRE:  239 15:48:48        1.588221        0.011269
FIRE:  240 15:48:48        1.587836        0.010790
FIRE:  241 15:48:48        1.587422        0.021782
FIRE:  242 15:48:48        1.587178        0.058911
FIRE:  243 15:48:48        1.586875        0.010275
FIRE:  244 15:48:48        1.587080        0.052958
FIRE:  245 15:48:48        1.586977        0.040112
FIRE:  246 15:48:48        1.586864        0.017555
FIRE:  247 15:48:48        1.586836        0.010055
FIRE:  248 15:48:48        1.586835        0.010068
FIRE:  249 15:48:48        1.586832        0.010092
FIRE:  250 15:48:48        1.586828        0.010126
FIRE:  251 15:48:48        1.586824        0.010168
FIRE:  252 15:48:48        1.586819        0.010215
FIRE:  253 15:48:48        1.586815        0.010261
FIRE:  254 15:48:48        1.586810        0.010302
FIRE:  255 15:48:48        1.586804        0.010337
FIRE:  256 15:48:48        1.586797        0.010358
FIRE:  257 15:48:48        1.586788        0.010358
FIRE:  258 15:48:48        1.586775        0.010333
FIRE:  259 15:48:48        1.586759        0.010282
FIRE:  260 15:48:48        1.586740        0.010211
FIRE:  261 15:48:48        1.586718        0.010141
FIRE:  262 15:48:48        1.586691        0.010099
FIRE:  263 15:48:49        1.586656        0.010104
FIRE:  264 15:48:49        1.586614        0.010147
FIRE:  265 15:48:49        1.586564        0.010178
FIRE:  266 15:48:49        1.586502        0.010126
FIRE:  267 15:48:49        1.586427        0.009987
