      Step     Time          Energy          fmax
FIRE:    0 15:47:43       56.116796       22.236291
FIRE:    1 15:47:43       47.110108       16.438685
FIRE:    2 15:47:44       40.936666       11.397597
FIRE:    3 15:47:44       36.779935        9.945715
FIRE:    4 15:47:44       33.995162        9.551842
FIRE:    5 15:47:44       32.067086        9.188579
FIRE:    6 15:47:44       30.547528        8.792905
FIRE:    7 15:47:44       29.040130        8.332401
FIRE:    8 15:47:44       27.388822        7.825736
FIRE:    9 15:47:44       25.679064        7.315058
FIRE:   10 15:47:44       24.055751        6.821784
FIRE:   11 15:47:44       22.628830        6.341803
FIRE:   12 15:47:44       21.391940        5.855905
FIRE:   13 15:47:44       20.304824        5.373185
FIRE:   14 15:47:44       19.320769        4.921813
FIRE:   15 15:47:44       18.403020        4.515171
FIRE:   16 15:47:44       17.535688        4.134144
FIRE:   17 15:47:44       16.707023        3.762084
FIRE:   18 15:47:44       15.920619        3.415889
FIRE:   19 15:47:44       15.174507        3.102982
FIRE:   20 15:47:44       14.473764        2.813936
FIRE:   21 15:47:44       13.818028        2.541169
FIRE:   22 15:47:44       13.212022        2.291457
FIRE:   23 15:47:44       12.657221        2.066459
FIRE:   24 15:47:45       12.156188        1.859229
FIRE:   25 15:47:45       11.704678        1.661262
FIRE:   26 15:47:45       11.292874        1.473434
FIRE:   27 15:47:45       10.908439        1.300207
FIRE:   28 15:47:45       10.547306        1.141471
FIRE:   29 15:47:45       10.217843        0.994514
FIRE:   30 15:47:45        9.934228        0.859655
FIRE:   31 15:47:45        9.707194        0.740175
FIRE:   32 15:47:45        9.537588        0.634704
FIRE:   33 15:47:45        9.418403        0.536392
FIRE:   34 15:47:45        9.339919        0.441471
FIRE:   35 15:47:45        9.294467        0.470311
FIRE:   36 15:47:46        9.277021        0.479028
FIRE:   37 15:47:46        9.127730        0.281955
FIRE:   38 15:47:46        9.107695        0.520620
FIRE:   39 15:47:46        9.108407        1.687251
FIRE:   40 15:47:46        9.069258        0.304534
FIRE:   41 15:47:46        9.067681        0.217752
FIRE:   42 15:47:46        9.065253        0.162126
FIRE:   43 15:47:46        9.062668        0.153531
FIRE:   44 15:47:46        9.059843        0.207600
FIRE:   45 15:47:46        9.056238        0.231381
FIRE:   46 15:47:46        9.051798        0.160885
FIRE:   47 15:47:46        9.047124        0.155082
FIRE:   48 15:47:46        9.042171        0.157524
FIRE:   49 15:47:46        9.036439        0.166145
FIRE:   50 15:47:46        9.029350        0.157818
FIRE:   51 15:47:46        9.021616        0.155276
FIRE:   52 15:47:46        9.012940        0.153898
FIRE:   53 15:47:46        9.002325        0.154627
FIRE:   54 15:47:46        8.990276        0.153905
FIRE:   55 15:47:46        8.975344        0.146046
FIRE:   56 15:47:46        8.958756        0.144026
FIRE:   57 15:47:46        8.940766        0.132580
FIRE:   58 15:47:46        8.922774        0.119832
FIRE:   59 15:47:46        8.906164        0.114389
FIRE:   60 15:47:46        8.890282        0.171341
FIRE:   61 15:47:47        8.874142        0.412911
FIRE:   62 15:47:47        8.867975        1.112456
FIRE:   63 15:47:47        8.844636        0.106338
FIRE:   64 15:47:47        8.857224        0.914808
FIRE:   65 15:47:47        8.850227        0.706691
FIRE:   66 15:47:47        8.841930        0.333300
FIRE:   67 15:47:47        8.838885        0.123052
FIRE:   68 15:47:47        8.838774        0.116129
FIRE:   69 15:47:47        8.838557        0.102735
FIRE:   70 15:47:47        8.838249        0.092299
FIRE:   71 15:47:47        8.837864        0.091671
FIRE:   72 15:47:47        8.837415        0.090883
FIRE:   73 15:47:47        8.836910        0.089936
FIRE:   74 15:47:47        8.836349        0.090365
FIRE:   75 15:47:47        8.835659        0.090793
FIRE:   76 15:47:47        8.834798        0.091026
FIRE:   77 15:47:47        8.833719        0.090950
FIRE:   78 15:47:47        8.832375        0.090474
FIRE:   79 15:47:47        8.830737        0.089580
FIRE:   80 15:47:47        8.828790        0.088398
FIRE:   81 15:47:47        8.826504        0.087241
FIRE:   82 15:47:47        8.823800        0.086550
FIRE:   83 15:47:47        8.820592        0.086707
FIRE:   84 15:47:47        8.816866        0.087746
FIRE:   85 15:47:48        8.812624        0.089026
FIRE:   86 15:47:48        8.807775        0.089544
FIRE:   87 15:47:48        8.802363        0.089394
FIRE:   88 15:47:48        8.796522        0.090736
FIRE:   89 15:47:48        8.790458        0.095157
FIRE:   90 15:47:48        8.784779        0.099397
FIRE:   91 15:47:48        8.780392        0.101232
FIRE:   92 15:47:48        8.778233        0.108261
FIRE:   93 15:47:48        8.778011        0.107450
FIRE:   94 15:47:48        8.777607        0.106082
FIRE:   95 15:47:48        8.777052        0.104563
FIRE:   96 15:47:48        8.776354        0.103246
FIRE:   97 15:47:48        8.775536        0.102207
FIRE:   98 15:47:48        8.774649        0.101161
FIRE:   99 15:47:48        8.773723        0.099573
FIRE:  100 15:47:48        8.772659        0.096732
FIRE:  101 15:47:48        8.771467        0.092493
FIRE:  102 15:47:48        8.770176        0.087658
FIRE:  103 15:47:48        8.768778        0.083155
FIRE:  104 15:47:48        8.767306        0.078119
FIRE:  105 15:47:48        8.765707        0.071188
FIRE:  106 15:47:48        8.763907        0.065204
FIRE:  107 15:47:48        8.761784        0.061429
FIRE:  108 15:47:49        8.759270        0.055491
FIRE:  109 15:47:49        8.756426        0.054729
FIRE:  110 15:47:49        8.753651        0.119241
FIRE:  111 15:47:49        8.752406        0.278503
FIRE:  112 15:47:49        8.750407        0.046875
FIRE:  113 15:47:49        8.751682        0.242590
FIRE:  114 15:47:49        8.751099        0.188470
FIRE:  115 15:47:49        8.750419        0.092763
FIRE:  116 15:47:49        8.750190        0.046230
FIRE:  117 15:47:49        8.750186        0.046172
FIRE:  118 15:47:49        8.750177        0.046060
FIRE:  119 15:47:49        8.750164        0.045900
FIRE:  120 15:47:49        8.750149        0.045702
FIRE:  121 15:47:49        8.750131        0.045479
FIRE:  122 15:47:49        8.750111        0.045246
FIRE:  123 15:47:49        8.750090        0.045021
FIRE:  124 15:47:49        8.750064        0.044800
FIRE:  125 15:47:49        8.750032        0.044604
FIRE:  126 15:47:49        8.749990        0.044458
FIRE:  127 15:47:49        8.749937        0.044383
FIRE:  128 15:47:49        8.749872        0.044383
FIRE:  129 15:47:49        8.749792        0.044435
FIRE:  130 15:47:49        8.749697        0.044464
FIRE:  131 15:47:50        8.749582        0.044351
FIRE:  132 15:47:50        8.749441        0.043981
FIRE:  133 15:47:50        8.749271        0.043321
FIRE:  134 15:47:50        8.749069        0.042513
FIRE:  135 15:47:50        8.748827        0.041834
FIRE:  136 15:47:50        8.748535        0.041417
FIRE:  137 15:47:50        8.748190        0.040930
FIRE:  138 15:47:50        8.747776        0.039830
FIRE:  139 15:47:50        8.747287        0.038421
FIRE:  140 15:47:50        8.746707        0.037722
FIRE:  141 15:47:50        8.746028        0.036813
FIRE:  142 15:47:50        8.745241        0.034939
FIRE:  143 15:47:50        8.744347        0.035144
FIRE:  144 15:47:50        8.743390        0.052977
FIRE:  145 15:47:50        8.742579        0.114807
FIRE:  146 15:47:50        8.743155        0.281636
FIRE:  147 15:47:51        8.740979        0.030676
FIRE:  148 15:47:51        8.740971        0.030575
FIRE:  149 15:47:51        8.740957        0.030403
FIRE:  150 15:47:51        8.740937        0.030210
FIRE:  151 15:47:51        8.740912        0.030058
FIRE:  152 15:47:51        8.740881        0.029996
FIRE:  153 15:47:51        8.740842        0.030036
FIRE:  154 15:47:51        8.740797        0.030146
FIRE:  155 15:47:51        8.740741        0.030274
FIRE:  156 15:47:51        8.740672        0.030309
FIRE:  157 15:47:51        8.740584        0.030145
FIRE:  158 15:47:51        8.740474        0.029795
FIRE:  159 15:47:51        8.740340        0.029466
FIRE:  160 15:47:51        8.740173        0.029398
FIRE:  161 15:47:51        8.739969        0.029475
FIRE:  162 15:47:51        8.739717        0.029220
FIRE:  163 15:47:51        8.739410        0.028817
FIRE:  164 15:47:51        8.739034        0.029064
FIRE:  165 15:47:51        8.738575        0.028828
FIRE:  166 15:47:51        8.738018        0.028749
FIRE:  167 15:47:51        8.737338        0.029198
FIRE:  168 15:47:52        8.736533        0.031747
FIRE:  169 15:47:52        8.735920        0.114713
FIRE:  170 15:47:52        8.735494        0.028907
FIRE:  171 15:47:52        8.735487        0.029010
FIRE:  172 15:47:52        8.735472        0.029189
FIRE:  173 15:47:52        8.735453        0.029391
FIRE:  174 15:47:52        8.735427        0.029556
FIRE:  175 15:47:52        8.735394        0.029635
FIRE:  176 15:47:52        8.735355        0.029615
FIRE:  177 15:47:52        8.735308        0.029526
FIRE:  178 15:47:52        8.735250        0.029419
FIRE:  179 15:47:52        8.735177        0.029392
FIRE:  180 15:47:52        8.735083        0.029527
FIRE:  181 15:47:52        8.734966        0.029794
FIRE:  182 15:47:52        8.734821        0.029999
FIRE:  183 15:47:52        8.734638        0.029973
FIRE:  184 15:47:52        8.734412        0.029931
FIRE:  185 15:47:52        8.734129        0.030310
FIRE:  186 15:47:52        8.733777        0.030809
FIRE:  187 15:47:52        8.733336        0.030862
FIRE:  188 15:47:52        8.732785        0.031721
FIRE:  189 15:47:52        8.732090        0.032206
FIRE:  190 15:47:52        8.731209        0.033737
FIRE:  191 15:47:53        8.730106        0.034381
FIRE:  192 15:47:53        8.729162        0.127130
FIRE:  193 15:47:53        8.734706        0.506962
FIRE:  194 15:47:53        8.727809        0.178593
FIRE:  195 15:47:53        8.727211        0.116601
FIRE:  196 15:47:53        8.726736        0.040030
FIRE:  197 15:47:53        8.726895        0.090032
FIRE:  198 15:47:53        8.726854        0.082704
FIRE:  199 15:47:53        8.726783        0.068675
FIRE:  200 15:47:53        8.726704        0.049168
FIRE:  201 15:47:53        8.726638        0.038721
FIRE:  202 15:47:53        8.726599        0.039825
FIRE:  203 15:47:53        8.726587        0.040843
FIRE:  204 15:47:53        8.726585        0.040824
FIRE:  205 15:47:53        8.726581        0.040788
FIRE:  206 15:47:53        8.726576        0.040734
FIRE:  207 15:47:53        8.726570        0.040664
FIRE:  208 15:47:53        8.726562        0.040582
FIRE:  209 15:47:53        8.726554        0.040489
FIRE:  210 15:47:53        8.726544        0.040389
FIRE:  211 15:47:53        8.726533        0.040276
FIRE:  212 15:47:53        8.726519        0.040152
FIRE:  213 15:47:53        8.726504        0.040027
FIRE:  214 15:47:54        8.726485        0.039912
FIRE:  215 15:47:54        8.726462        0.039825
FIRE:  216 15:47:54        8.726434        0.039789
FIRE:  217 15:47:54        8.726399        0.039828
FIRE:  218 15:47:54        8.726354        0.039964
FIRE:  219 15:47:54        8.726297        0.040211
FIRE:  220 15:47:54        8.726229        0.040566
FIRE:  221 15:47:54        8.726146        0.040990
FIRE:  222 15:47:54        8.726045        0.041407
FIRE:  223 15:47:54        8.725921        0.041724
FIRE:  224 15:47:54        8.725766        0.041883
FIRE:  225 15:47:54        8.725576        0.041938
FIRE:  226 15:47:54        8.725344        0.042094
FIRE:  227 15:47:54        8.725056        0.042609
FIRE:  228 15:47:54        8.724699        0.043531
FIRE:  229 15:47:54        8.724258        0.044497
FIRE:  230 15:47:54        8.723705        0.045118
FIRE:  231 15:47:54        8.723014        0.045854
FIRE:  232 15:47:54        8.722140        0.047606
FIRE:  233 15:47:54        8.721029        0.049592
FIRE:  234 15:47:54        8.719601        0.051153
FIRE:  235 15:47:54        8.717743        0.055036
FIRE:  236 15:47:54        8.715301        0.057324
FIRE:  237 15:47:55        8.712136        0.065965
FIRE:  238 15:47:55        8.708999        0.214965
FIRE:  239 15:47:55        8.718605        0.734641
FIRE:  240 15:47:55        8.703235        0.240308
FIRE:  241 15:47:55        8.702254        0.164980
FIRE:  242 15:47:55        8.701390        0.074489
FIRE:  243 15:47:55        8.701459        0.091891
FIRE:  244 15:47:55        8.701395        0.083717
FIRE:  245 15:47:55        8.701281        0.079766
FIRE:  246 15:47:55        8.701144        0.078922
FIRE:  247 15:47:55        8.701013        0.077956
FIRE:  248 15:47:55        8.700904        0.077000
FIRE:  249 15:47:55        8.700817        0.076209
FIRE:  250 15:47:55        8.700733        0.075708
FIRE:  251 15:47:55        8.700617        0.075556
FIRE:  252 15:47:55        8.700437        0.075870
FIRE:  253 15:47:55        8.700177        0.076742
FIRE:  254 15:47:55        8.699849        0.078200
FIRE:  255 15:47:55        8.699484        0.080096
FIRE:  256 15:47:55        8.699079        0.081957
FIRE:  257 15:47:55        8.698556        0.083157
FIRE:  258 15:47:55        8.697847        0.083332
FIRE:  259 15:47:55        8.696992        0.082797
FIRE:  260 15:47:55        8.695982        0.082888
FIRE:  261 15:47:56        8.694650        0.084899
FIRE:  262 15:47:56        8.693002        0.088660
FIRE:  263 15:47:56        8.690942        0.091430
FIRE:  264 15:47:56        8.688282        0.092084
FIRE:  265 15:47:56        8.684905        0.095278
FIRE:  266 15:47:56        8.680546        0.102481
FIRE:  267 15:47:56        8.674806        0.105087
FIRE:  268 15:47:56        8.667242        0.112341
FIRE:  269 15:47:56        8.657149        0.119650
FIRE:  270 15:47:56        8.643615        0.125732
FIRE:  271 15:47:56        8.626433        0.181173
FIRE:  272 15:47:56        8.625149        0.905233
FIRE:  273 15:47:56        8.604713        0.354381
FIRE:  274 15:47:56        8.602260        0.223277
FIRE:  275 15:47:56        8.600233        0.142219
FIRE:  276 15:47:56        8.600385        0.192767
FIRE:  277 15:47:56        8.600173        0.176962
FIRE:  278 15:47:56        8.599802        0.146745
FIRE:  279 15:47:56        8.599360        0.139015
FIRE:  280 15:47:56        8.598938        0.140732
FIRE:  281 15:47:56        8.598588        0.142594
FIRE:  282 15:47:56        8.598296        0.144336
FIRE:  283 15:47:56        8.597993        0.145705
FIRE:  284 15:47:56        8.597555        0.146600
FIRE:  285 15:47:57        8.596889        0.146803
FIRE:  286 15:47:57        8.595965        0.146202
FIRE:  287 15:47:57        8.594848        0.144916
FIRE:  288 15:47:57        8.593630        0.143446
FIRE:  289 15:47:57        8.592223        0.142628
FIRE:  290 15:47:57        8.590350        0.143142
FIRE:  291 15:47:57        8.587913        0.145222
FIRE:  292 15:47:57        8.585105        0.148099
FIRE:  293 15:47:57        8.581689        0.149449
FIRE:  294 15:47:57        8.577275        0.147913
FIRE:  295 15:47:57        8.572100        0.145747
FIRE:  296 15:47:57        8.565569        0.146825
FIRE:  297 15:47:57        8.557795        0.149644
FIRE:  298 15:47:57        8.548122        0.146350
FIRE:  299 15:47:57        8.536667        0.142879
FIRE:  300 15:47:57        8.523294        0.143987
FIRE:  301 15:47:57        8.508349        0.200033
FIRE:  302 15:47:57        8.494425        0.370137
FIRE:  303 15:47:57        8.493504        0.838191
FIRE:  304 15:47:57        8.473544        0.103555
FIRE:  305 15:47:57        8.488648        0.759538
FIRE:  306 15:47:57        8.481543        0.565326
FIRE:  307 15:47:57        8.473965        0.231137
FIRE:  308 15:47:57        8.472782        0.155189
FIRE:  309 15:47:57        8.472689        0.145980
FIRE:  310 15:47:58        8.472521        0.128137
FIRE:  311 15:47:58        8.472309        0.102802
FIRE:  312 15:47:58        8.472093        0.098214
FIRE:  313 15:47:58        8.471903        0.098617
FIRE:  314 15:47:58        8.471757        0.099025
FIRE:  315 15:47:58        8.471647        0.099363
FIRE:  316 15:47:58        8.471534        0.099574
FIRE:  317 15:47:58        8.471376        0.099557
FIRE:  318 15:47:58        8.471125        0.099213
FIRE:  319 15:47:58        8.470756        0.098469
FIRE:  320 15:47:58        8.470287        0.097309
FIRE:  321 15:47:58        8.469779        0.095815
FIRE:  322 15:47:58        8.469258        0.094197
FIRE:  323 15:47:58        8.468625        0.092686
FIRE:  324 15:47:58        8.467763        0.091381
FIRE:  325 15:47:58        8.466731        0.090205
FIRE:  326 15:47:58        8.465634        0.088592
FIRE:  327 15:47:58        8.464283        0.085646
FIRE:  328 15:47:58        8.462665        0.081179
FIRE:  329 15:47:58        8.460935        0.076252
FIRE:  330 15:47:58        8.458867        0.071651
FIRE:  331 15:47:58        8.456740        0.066012
FIRE:  332 15:47:58        8.454400        0.057348
FIRE:  333 15:47:58        8.452113        0.048134
FIRE:  334 15:47:58        8.450128        0.057087
FIRE:  335 15:47:59        8.448930        0.121270
FIRE:  336 15:47:59        8.448530        0.042580
FIRE:  337 15:47:59        8.448577        0.063333
FIRE:  338 15:47:59        8.448539        0.053027
FIRE:  339 15:47:59        8.448484        0.034104
FIRE:  340 15:47:59        8.448445        0.021448
FIRE:  341 15:47:59        8.448439        0.021020
FIRE:  342 15:47:59        8.448438        0.021014
FIRE:  343 15:47:59        8.448436        0.021002
FIRE:  344 15:47:59        8.448433        0.020983
FIRE:  345 15:47:59        8.448429        0.020956
FIRE:  346 15:47:59        8.448426        0.020922
FIRE:  347 15:47:59        8.448422        0.020877
FIRE:  348 15:47:59        8.448417        0.020822
FIRE:  349 15:47:59        8.448413        0.020746
FIRE:  350 15:47:59        8.448407        0.020644
FIRE:  351 15:47:59        8.448400        0.020507
FIRE:  352 15:47:59        8.448391        0.020329
FIRE:  353 15:47:59        8.448380        0.020100
FIRE:  354 15:47:59        8.448366        0.019812
FIRE:  355 15:47:59        8.448349        0.019457
FIRE:  356 15:47:59        8.448329        0.019033
FIRE:  357 15:47:59        8.448306        0.018541
FIRE:  358 15:47:59        8.448279        0.017989
FIRE:  359 15:48:00        8.448245        0.017377
FIRE:  360 15:48:00        8.448206        0.016687
FIRE:  361 15:48:00        8.448162        0.015880
FIRE:  362 15:48:00        8.448111        0.014917
FIRE:  363 15:48:00        8.448054        0.013795
FIRE:  364 15:48:00        8.447991        0.012565
FIRE:  365 15:48:00        8.447924        0.011227
FIRE:  366 15:48:00        8.447856        0.009616
