      Step     Time          Energy          fmax
FIRE:    0 15:45:18      163.587571       96.397898
FIRE:    1 15:45:18      125.582118       56.353950
FIRE:    2 15:45:19      103.420658       37.645700
FIRE:    3 15:45:19       90.178659       25.721115
FIRE:    4 15:45:19       81.097474       25.501512
FIRE:    5 15:45:19       73.254219       29.167051
FIRE:    6 15:45:19       65.443002       28.092548
FIRE:    7 15:45:19       57.801900       22.943973
FIRE:    8 15:45:19       51.135552       14.472443
FIRE:    9 15:45:19       46.362201       12.839870
FIRE:   10 15:45:19       43.605892       12.091143
FIRE:   11 15:45:19       41.520546       17.420523
FIRE:   12 15:45:19       38.434040       17.472869
FIRE:   13 15:45:19       34.475903       10.488365
FIRE:   14 15:45:19       31.258116        9.066231
FIRE:   15 15:45:19       29.391492        8.535496
FIRE:   16 15:45:19       27.817085       11.748501
FIRE:   17 15:45:19       25.721505        9.385604
FIRE:   18 15:45:19       23.566985        6.520920
FIRE:   19 15:45:19       22.011224        5.863227
FIRE:   20 15:45:19       20.671777        7.261760
FIRE:   21 15:45:19       18.997848        6.268104
FIRE:   22 15:45:19       17.306500        3.964628
FIRE:   23 15:45:19       16.119820        3.448902
FIRE:   24 15:45:20       15.245434        3.994831
FIRE:   25 15:45:20       14.331274        3.345737
FIRE:   26 15:45:20       13.445506        2.010022
FIRE:   27 15:45:20       12.764689        1.619629
FIRE:   28 15:45:20       12.206869        2.363352
FIRE:   29 15:45:20       11.668248        1.871651
FIRE:   30 15:45:20       11.218618        1.035071
FIRE:   31 15:45:20       10.910432        1.050846
FIRE:   32 15:45:20       10.662382        1.221455
FIRE:   33 15:45:20       10.419545        1.032382
FIRE:   34 15:45:20       10.197111        1.040240
FIRE:   35 15:45:20       10.009176        1.054536
FIRE:   36 15:45:21        9.841903        1.062605
FIRE:   37 15:45:21        9.671036        1.056550
FIRE:   38 15:45:21        9.483256        1.017294
FIRE:   39 15:45:21        9.290907        0.919900
FIRE:   40 15:45:21        9.139372        0.737727
FIRE:   41 15:45:21        9.099999        0.696740
FIRE:   42 15:45:21        8.734935        0.652313
FIRE:   43 15:45:21        8.452954        0.573076
FIRE:   44 15:45:21        8.174783        0.709802
FIRE:   45 15:45:21        7.859096        0.559451
FIRE:   46 15:45:21        7.584802        0.492331
FIRE:   47 15:45:21        7.398948        0.605814
FIRE:   48 15:45:21        7.231787        0.654408
FIRE:   49 15:45:21        7.090724        0.387659
FIRE:   50 15:45:21        7.013612        0.633997
FIRE:   51 15:45:21        6.918890        0.549029
FIRE:   52 15:45:21        6.831572        0.495868
FIRE:   53 15:45:21        6.740269        0.345812
FIRE:   54 15:45:21        6.702415        0.336788
FIRE:   55 15:45:21        6.902277        1.313661
FIRE:   56 15:45:21        6.682422        0.601617
FIRE:   57 15:45:21        6.650131        0.380803
FIRE:   58 15:45:21        6.625045        0.169679
FIRE:   59 15:45:21        6.630018        0.377437
FIRE:   60 15:45:22        6.627111        0.348417
FIRE:   61 15:45:22        6.622146        0.295661
FIRE:   62 15:45:22        6.616502        0.231742
FIRE:   63 15:45:22        6.611536        0.182216
FIRE:   64 15:45:22        6.607966        0.180286
FIRE:   65 15:45:22        6.605423        0.216187
FIRE:   66 15:45:22        6.602754        0.251032
FIRE:   67 15:45:22        6.598340        0.265705
FIRE:   68 15:45:22        6.591072        0.250764
FIRE:   69 15:45:22        6.580820        0.213394
FIRE:   70 15:45:22        6.568721        0.191219
FIRE:   71 15:45:22        6.555856        0.219072
FIRE:   72 15:45:22        6.540609        0.247404
FIRE:   73 15:45:22        6.519427        0.230941
FIRE:   74 15:45:22        6.491579        0.208870
FIRE:   75 15:45:22        6.459459        0.232125
FIRE:   76 15:45:22        6.422612        0.215798
FIRE:   77 15:45:22        6.384183        0.232472
FIRE:   78 15:45:22        6.361288        0.247090
FIRE:   79 15:45:22        6.362892        0.238787
FIRE:   80 15:45:22        6.360195        0.236100
FIRE:   81 15:45:22        6.355481        0.230713
FIRE:   82 15:45:22        6.349739        0.222646
FIRE:   83 15:45:22        6.343805        0.212032
FIRE:   84 15:45:23        6.338161        0.199202
FIRE:   85 15:45:23        6.333118        0.184702
FIRE:   86 15:45:23        6.329007        0.169304
FIRE:   87 15:45:23        6.325672        0.152649
FIRE:   88 15:45:23        6.322729        0.136765
FIRE:   89 15:45:23        6.319205        0.123688
FIRE:   90 15:45:23        6.314776        0.114469
FIRE:   91 15:45:23        6.309458        0.108329
FIRE:   92 15:45:23        6.302401        0.102707
FIRE:   93 15:45:23        6.293796        0.094966
FIRE:   94 15:45:23        6.284498        0.085322
FIRE:   95 15:45:23        6.275656        0.078109
FIRE:   96 15:45:23        6.268502        0.072457
FIRE:   97 15:45:23        6.261066        0.053881
FIRE:   98 15:45:23        6.252492        0.046598
FIRE:   99 15:45:23        6.246803        0.089381
FIRE:  100 15:45:23        6.249768        0.221615
FIRE:  101 15:45:23        6.242881        0.042284
FIRE:  102 15:45:23        6.246197        0.199306
FIRE:  103 15:45:23        6.244311        0.155067
FIRE:  104 15:45:23        6.242114        0.078338
FIRE:  105 15:45:23        6.241374        0.030681
FIRE:  106 15:45:23        6.241353        0.029800
FIRE:  107 15:45:24        6.241314        0.028173
FIRE:  108 15:45:24        6.241260        0.026078
FIRE:  109 15:45:24        6.241195        0.023933
FIRE:  110 15:45:24        6.241122        0.022237
FIRE:  111 15:45:24        6.241046        0.021382
FIRE:  112 15:45:24        6.240967        0.021391
FIRE:  113 15:45:24        6.240876        0.021919
FIRE:  114 15:45:24        6.240769        0.022288
FIRE:  115 15:45:24        6.240644        0.021635
FIRE:  116 15:45:24        6.240500        0.019312
FIRE:  117 15:45:24        6.240342        0.015476
FIRE:  118 15:45:24        6.240183        0.013884
FIRE:  119 15:45:24        6.240034        0.014827
FIRE:  120 15:45:24        6.239890        0.016031
FIRE:  121 15:45:24        6.239743        0.017486
FIRE:  122 15:45:24        6.239599        0.019007
FIRE:  123 15:45:24        6.239447        0.020207
FIRE:  124 15:45:24        6.239254        0.020798
FIRE:  125 15:45:24        6.239016        0.020810
FIRE:  126 15:45:24        6.238741        0.020742
FIRE:  127 15:45:24        6.238425        0.020950
FIRE:  128 15:45:24        6.238101        0.020680
FIRE:  129 15:45:25        6.237729        0.019380
FIRE:  130 15:45:25        6.237261        0.019010
FIRE:  131 15:45:25        6.236666        0.020136
FIRE:  132 15:45:25        6.236000        0.020154
FIRE:  133 15:45:25        6.235388        0.029543
FIRE:  134 15:45:25        6.235059        0.067310
FIRE:  135 15:45:25        6.234463        0.021415
FIRE:  136 15:45:25        6.234810        0.058031
FIRE:  137 15:45:25        6.234617        0.043875
FIRE:  138 15:45:25        6.234400        0.021065
FIRE:  139 15:45:25        6.234339        0.019426
FIRE:  140 15:45:25        6.234336        0.019439
FIRE:  141 15:45:25        6.234330        0.019462
FIRE:  142 15:45:25        6.234322        0.019493
FIRE:  143 15:45:25        6.234312        0.019524
FIRE:  144 15:45:25        6.234301        0.019549
FIRE:  145 15:45:25        6.234290        0.019559
FIRE:  146 15:45:25        6.234278        0.019543
FIRE:  147 15:45:25        6.234264        0.019489
FIRE:  148 15:45:25        6.234246        0.019378
FIRE:  149 15:45:25        6.234223        0.019193
FIRE:  150 15:45:25        6.234193        0.018920
FIRE:  151 15:45:26        6.234157        0.018556
FIRE:  152 15:45:26        6.234115        0.018119
FIRE:  153 15:45:26        6.234066        0.017658
FIRE:  154 15:45:26        6.234006        0.017247
FIRE:  155 15:45:26        6.233932        0.016950
FIRE:  156 15:45:26        6.233843        0.016774
FIRE:  157 15:45:26        6.233737        0.016635
FIRE:  158 15:45:26        6.233605        0.016422
FIRE:  159 15:45:26        6.233441        0.016176
FIRE:  160 15:45:26        6.233241        0.016192
FIRE:  161 15:45:26        6.232990        0.016674
FIRE:  162 15:45:26        6.232679        0.017235
FIRE:  163 15:45:26        6.232286        0.017501
FIRE:  164 15:45:26        6.231785        0.018271
FIRE:  165 15:45:26        6.231140        0.019122
FIRE:  166 15:45:26        6.230302        0.019511
FIRE:  167 15:45:26        6.229226        0.022220
FIRE:  168 15:45:26        6.228114        0.057847
FIRE:  169 15:45:26        6.230219        0.192175
FIRE:  170 15:45:26        6.225809        0.047302
FIRE:  171 15:45:26        6.225637        0.034450
FIRE:  172 15:45:26        6.225461        0.025267
FIRE:  173 15:45:27        6.225416        0.026751
FIRE:  174 15:45:27        6.225404        0.026684
FIRE:  175 15:45:27        6.225381        0.026556
FIRE:  176 15:45:27        6.225352        0.026379
FIRE:  177 15:45:27        6.225318        0.026172
FIRE:  178 15:45:27        6.225283        0.025961
FIRE:  179 15:45:27        6.225247        0.025774
FIRE:  180 15:45:27        6.225207        0.025641
FIRE:  181 15:45:27        6.225155        0.025583
FIRE:  182 15:45:27        6.225086        0.025635
FIRE:  183 15:45:27        6.224995        0.025829
FIRE:  184 15:45:27        6.224879        0.026178
FIRE:  185 15:45:27        6.224739        0.026651
FIRE:  186 15:45:27        6.224570        0.027160
FIRE:  187 15:45:27        6.224357        0.027584
FIRE:  188 15:45:27        6.224082        0.027845
FIRE:  189 15:45:27        6.223738        0.028013
FIRE:  190 15:45:27        6.223312        0.028384
FIRE:  191 15:45:27        6.222763        0.029310
FIRE:  192 15:45:27        6.222062        0.030796
FIRE:  193 15:45:27        6.221160        0.032275
FIRE:  194 15:45:27        6.219974        0.033421
FIRE:  195 15:45:28        6.218405        0.035210
FIRE:  196 15:45:28        6.216278        0.038352
FIRE:  197 15:45:28        6.213327        0.041138
FIRE:  198 15:45:28        6.209122        0.045092
FIRE:  199 15:45:28        6.202933        0.051517
FIRE:  200 15:45:28        6.193579        0.055998
FIRE:  201 15:45:28        6.180167        0.128434
FIRE:  202 15:45:28        6.178417        0.422776
FIRE:  203 15:45:28        6.156304        0.162994
FIRE:  204 15:45:28        6.154560        0.120311
FIRE:  205 15:45:28        6.152719        0.077221
FIRE:  206 15:45:28        6.151894        0.086101
FIRE:  207 15:45:28        6.151080        0.121288
FIRE:  208 15:45:28        6.148933        0.116736
FIRE:  209 15:45:28        6.145695        0.078459
FIRE:  210 15:45:28        6.142595        0.077269
FIRE:  211 15:45:28        6.139530        0.102773
FIRE:  212 15:45:28        6.134939        0.107731
FIRE:  213 15:45:28        6.128292        0.079191
FIRE:  214 15:45:28        6.120950        0.091218
FIRE:  215 15:45:28        6.110958        0.093297
FIRE:  216 15:45:29        6.097845        0.085342
FIRE:  217 15:45:29        6.081682        0.106205
FIRE:  218 15:45:29        6.060831        0.087113
FIRE:  219 15:45:29        6.035276        0.076427
FIRE:  220 15:45:29        6.006026        0.110554
FIRE:  221 15:45:29        5.973790        0.130271
FIRE:  222 15:45:29        5.938865        0.209053
FIRE:  223 15:45:29        5.904036        0.307207
FIRE:  224 15:45:29        5.855553        0.420527
FIRE:  225 15:45:29        5.782030        0.381192
FIRE:  226 15:45:29        5.680592        0.196879
FIRE:  227 15:45:29        5.578643        0.186159
FIRE:  228 15:45:29        5.492885        0.263147
FIRE:  229 15:45:29        5.427192        0.155630
FIRE:  230 15:45:29        5.405394        0.157636
FIRE:  231 15:45:29        5.393691        0.177063
FIRE:  232 15:45:29        5.387609        0.089840
FIRE:  233 15:45:29        5.387012        0.131584
FIRE:  234 15:45:29        5.386119        0.108555
FIRE:  235 15:45:29        5.384855        0.076233
FIRE:  236 15:45:29        5.383875        0.074256
FIRE:  237 15:45:29        5.383435        0.070769
FIRE:  238 15:45:29        5.383162        0.070467
FIRE:  239 15:45:30        5.382564        0.076131
FIRE:  240 15:45:30        5.381537        0.060299
FIRE:  241 15:45:30        5.380278        0.047751
FIRE:  242 15:45:30        5.379384        0.039576
FIRE:  243 15:45:30        5.378909        0.067001
FIRE:  244 15:45:30        5.378092        0.064315
FIRE:  245 15:45:30        5.376867        0.028086
FIRE:  246 15:45:30        5.376191        0.045682
FIRE:  247 15:45:30        5.375580        0.052002
FIRE:  248 15:45:30        5.374715        0.024722
FIRE:  249 15:45:30        5.374619        0.051972
FIRE:  250 15:45:30        5.374439        0.036895
FIRE:  251 15:45:30        5.374253        0.013748
FIRE:  252 15:45:30        5.374218        0.017810
FIRE:  253 15:45:30        5.374211        0.016628
FIRE:  254 15:45:30        5.374197        0.014362
FIRE:  255 15:45:30        5.374180        0.012200
FIRE:  256 15:45:30        5.374161        0.012410
FIRE:  257 15:45:30        5.374143        0.012711
FIRE:  258 15:45:30        5.374126        0.013049
FIRE:  259 15:45:30        5.374109        0.013411
FIRE:  260 15:45:30        5.374090        0.013820
FIRE:  261 15:45:31        5.374065        0.014270
FIRE:  262 15:45:31        5.374032        0.014756
FIRE:  263 15:45:31        5.373993        0.015278
FIRE:  264 15:45:31        5.373952        0.015848
FIRE:  265 15:45:31        5.373910        0.016490
FIRE:  266 15:45:31        5.373865        0.017218
FIRE:  267 15:45:31        5.373811        0.018001
FIRE:  268 15:45:31        5.373750        0.018728
FIRE:  269 15:45:31        5.373686        0.019153
FIRE:  270 15:45:31        5.373608        0.019032
FIRE:  271 15:45:31        5.373514        0.018228
FIRE:  272 15:45:31        5.373413        0.016767
FIRE:  273 15:45:31        5.373294        0.014752
FIRE:  274 15:45:31        5.373178        0.011702
FIRE:  275 15:45:31        5.373060        0.007642
