      Step     Time          Energy          fmax
FIRE:    0 15:43:28      165.600070      159.143524
FIRE:    1 15:43:28      112.898125       82.398985
FIRE:    2 15:43:29       83.604013       37.931225
FIRE:    3 15:43:29       67.952785       26.440076
FIRE:    4 15:43:29       60.264801       22.759154
FIRE:    5 15:43:29       56.843186       22.740011
FIRE:    6 15:43:29       54.875517       28.169797
FIRE:    7 15:43:29       52.071152       31.996289
FIRE:    8 15:43:29       47.046457       31.174644
FIRE:    9 15:43:29       40.187538       26.528782
FIRE:   10 15:43:29       33.038029       19.769997
FIRE:   11 15:43:29       27.012235       12.295046
FIRE:   12 15:43:29       22.891507        9.925424
FIRE:   13 15:43:29       20.904286        8.886952
FIRE:   14 15:43:29       20.523851       11.530191
FIRE:   15 15:43:29       17.912748        7.283036
FIRE:   16 15:43:29       17.036661        6.801156
FIRE:   17 15:43:29       15.095727        5.733174
FIRE:   18 15:43:29       13.243553        4.635998
FIRE:   19 15:43:29       12.134833        3.886092
FIRE:   20 15:43:29       11.403607        3.359329
FIRE:   21 15:43:29       10.576718        3.069236
FIRE:   22 15:43:29        9.656616        2.305184
FIRE:   23 15:43:29        8.918890        1.862627
FIRE:   24 15:43:29        8.450960        1.546047
FIRE:   25 15:43:29        8.125795        1.362366
FIRE:   26 15:43:30        7.824565        1.393795
FIRE:   27 15:43:30        7.545684        1.023810
FIRE:   28 15:43:30        7.351034        0.451647
FIRE:   29 15:43:30        7.269549        0.749817
FIRE:   30 15:43:30        7.254753        0.806263
FIRE:   31 15:43:30        7.208027        0.665130
FIRE:   32 15:43:30        7.144898        0.661048
FIRE:   33 15:43:30        7.086299        0.638689
FIRE:   34 15:43:30        7.023680        0.594293
FIRE:   35 15:43:30        6.941727        0.563297
FIRE:   36 15:43:30        6.846042        0.528894
FIRE:   37 15:43:30        6.758928        0.477328
FIRE:   38 15:43:30        6.671842        0.458260
FIRE:   39 15:43:30        6.544923        0.395302
FIRE:   40 15:43:30        6.374941        0.370595
FIRE:   41 15:43:30        6.180873        0.432194
FIRE:   42 15:43:30        5.952933        0.379099
FIRE:   43 15:43:30        5.733786        0.387218
FIRE:   44 15:43:30        5.528246        0.410423
FIRE:   45 15:43:30        5.328788        0.380956
FIRE:   46 15:43:30        5.160006        0.398568
FIRE:   47 15:43:30        5.020056        0.481533
FIRE:   48 15:43:30        4.897439        0.532737
FIRE:   49 15:43:30        4.763810        0.551187
FIRE:   50 15:43:30        4.584552        0.566806
FIRE:   51 15:43:30        4.365425        0.591269
FIRE:   52 15:43:31        4.124221        0.576768
FIRE:   53 15:43:31        3.870591        0.631341
FIRE:   54 15:43:31        3.611505        0.703807
FIRE:   55 15:43:31        3.357712        0.745462
FIRE:   56 15:43:31        3.128866        0.749249
FIRE:   57 15:43:31        2.951016        0.710777
FIRE:   58 15:43:31        2.832547        0.630543
FIRE:   59 15:43:31        2.726463        0.921258
FIRE:   60 15:43:31        2.575734        0.808692
FIRE:   61 15:43:31        2.427910        0.397321
FIRE:   62 15:43:31        2.331256        0.571258
FIRE:   63 15:43:31        2.249889        0.559025
FIRE:   64 15:43:31        2.133685        0.610642
FIRE:   65 15:43:31        1.998854        0.427002
FIRE:   66 15:43:31        1.899180        0.378388
FIRE:   67 15:43:31        1.835325        0.527980
FIRE:   68 15:43:31        1.749761        0.587355
FIRE:   69 15:43:31        1.637696        0.413945
FIRE:   70 15:43:31        1.557916        0.281905
FIRE:   71 15:43:31        1.522716        0.393824
FIRE:   72 15:43:31        1.494306        0.367576
FIRE:   73 15:43:31        1.457984        0.369211
FIRE:   74 15:43:32        1.425974        0.330869
FIRE:   75 15:43:32        1.397255        0.374834
FIRE:   76 15:43:32        1.355862        0.358272
FIRE:   77 15:43:32        1.305825        0.300802
FIRE:   78 15:43:32        1.264161        0.275435
FIRE:   79 15:43:32        1.232315        0.269817
FIRE:   80 15:43:32        1.213747        0.274815
FIRE:   81 15:43:32        1.206850        0.405138
FIRE:   82 15:43:32        1.167345        0.123003
FIRE:   83 15:43:32        1.173858        0.341019
FIRE:   84 15:43:32        1.167779        0.288688
FIRE:   85 15:43:32        1.159273        0.191201
FIRE:   86 15:43:32        1.153230        0.091641
FIRE:   87 15:43:32        1.151984        0.102905
FIRE:   88 15:43:33        1.151681        0.100030
FIRE:   89 15:43:33        1.151109        0.094542
FIRE:   90 15:43:33        1.150331        0.086971
FIRE:   91 15:43:33        1.149423        0.083867
FIRE:   92 15:43:33        1.148459        0.083253
FIRE:   93 15:43:33        1.147490        0.082430
FIRE:   94 15:43:33        1.146535        0.081392
FIRE:   95 15:43:33        1.145480        0.080020
FIRE:   96 15:43:33        1.144262        0.078291
FIRE:   97 15:43:33        1.142782        0.078461
FIRE:   98 15:43:33        1.140944        0.079087
FIRE:   99 15:43:33        1.138716        0.070869
FIRE:  100 15:43:33        1.136182        0.067472
FIRE:  101 15:43:33        1.133531        0.063426
FIRE:  102 15:43:33        1.130895        0.058796
FIRE:  103 15:43:33        1.128169        0.054057
FIRE:  104 15:43:33        1.125216        0.049844
FIRE:  105 15:43:33        1.122313        0.048844
FIRE:  106 15:43:33        1.119711        0.049306
FIRE:  107 15:43:33        1.116940        0.044876
FIRE:  108 15:43:33        1.114203        0.037385
FIRE:  109 15:43:33        1.111627        0.033099
FIRE:  110 15:43:33        1.108836        0.026729
FIRE:  111 15:43:33        1.106212        0.047977
FIRE:  112 15:43:33        1.103137        0.047762
FIRE:  113 15:43:33        1.099612        0.045392
FIRE:  114 15:43:34        1.095335        0.049140
FIRE:  115 15:43:34        1.090671        0.102838
FIRE:  116 15:43:34        1.095504        0.277543
FIRE:  117 15:43:34        1.080796        0.034526
FIRE:  118 15:43:34        1.080596        0.033035
FIRE:  119 15:43:34        1.080325        0.031401
FIRE:  120 15:43:34        1.080097        0.029409
FIRE:  121 15:43:34        1.079878        0.027429
FIRE:  122 15:43:34        1.079547        0.026925
FIRE:  123 15:43:34        1.079070        0.026355
FIRE:  124 15:43:34        1.078532        0.026217
FIRE:  125 15:43:34        1.077961        0.026337
FIRE:  126 15:43:34        1.077280        0.026605
FIRE:  127 15:43:34        1.076341        0.026890
FIRE:  128 15:43:34        1.075209        0.027348
FIRE:  129 15:43:34        1.073896        0.028466
FIRE:  130 15:43:34        1.072142        0.030592
FIRE:  131 15:43:34        1.070038        0.033782
FIRE:  132 15:43:34        1.067253        0.036942
FIRE:  133 15:43:34        1.063704        0.039753
FIRE:  134 15:43:34        1.058834        0.042916
FIRE:  135 15:43:34        1.052212        0.046423
FIRE:  136 15:43:34        1.042967        0.054447
FIRE:  137 15:43:34        1.029904        0.059555
FIRE:  138 15:43:35        1.012077        0.093756
FIRE:  139 15:43:35        0.998391        0.248904
FIRE:  140 15:43:35        0.980659        0.082103
FIRE:  141 15:43:35        0.979910        0.081748
FIRE:  142 15:43:35        0.978635        0.081022
FIRE:  143 15:43:35        0.977009        0.079968
FIRE:  144 15:43:35        0.974929        0.078748
FIRE:  145 15:43:35        0.972149        0.077538
FIRE:  146 15:43:35        0.968594        0.076370
FIRE:  147 15:43:35        0.964389        0.077100
FIRE:  148 15:43:35        0.959011        0.081235
FIRE:  149 15:43:35        0.951845        0.087063
FIRE:  150 15:43:35        0.942100        0.094985
FIRE:  151 15:43:35        0.929096        0.104687
FIRE:  152 15:43:35        0.911252        0.114565
FIRE:  153 15:43:35        0.886001        0.123675
FIRE:  154 15:43:35        0.849732        0.133614
FIRE:  155 15:43:35        0.796275        0.144667
FIRE:  156 15:43:35        0.722392        0.186734
FIRE:  157 15:43:35        0.643375        0.228078
FIRE:  158 15:43:35        0.561846        0.260707
FIRE:  159 15:43:35        0.480412        0.281489
FIRE:  160 15:43:35        0.402014        0.287204
FIRE:  161 15:43:35        0.330738        0.274854
FIRE:  162 15:43:35        0.270529        0.243539
FIRE:  163 15:43:36        0.225334        0.192835
FIRE:  164 15:43:36        0.199238        0.133964
FIRE:  165 15:43:36        0.193444        0.127227
FIRE:  166 15:43:36        0.172216        0.114617
FIRE:  167 15:43:36        0.150032        0.094868
FIRE:  168 15:43:36        0.139859        0.088552
FIRE:  169 15:43:36        0.140375        0.068272
FIRE:  170 15:43:36        0.138532        0.068110
FIRE:  171 15:43:36        0.135254        0.067477
FIRE:  172 15:43:36        0.131207        0.065861
FIRE:  173 15:43:36        0.127151        0.062735
FIRE:  174 15:43:36        0.123773        0.057804
FIRE:  175 15:43:36        0.121446        0.057477
FIRE:  176 15:43:36        0.120046        0.057111
FIRE:  177 15:43:36        0.118928        0.055977
FIRE:  178 15:43:36        0.117323        0.053384
FIRE:  179 15:43:36        0.114520        0.048450
FIRE:  180 15:43:36        0.110452        0.040433
FIRE:  181 15:43:36        0.106242        0.029548
FIRE:  182 15:43:36        0.103841        0.019253
FIRE:  183 15:43:37        0.103496        0.029139
FIRE:  184 15:43:37        0.103202        0.025492
FIRE:  185 15:43:37        0.102713        0.021518
FIRE:  186 15:43:37        0.102170        0.017065
FIRE:  187 15:43:37        0.101710        0.012837
FIRE:  188 15:43:37        0.101450        0.013750
FIRE:  189 15:43:37        0.101416        0.014487
FIRE:  190 15:43:37        0.101409        0.014443
FIRE:  191 15:43:37        0.101396        0.014354
FIRE:  192 15:43:37        0.101379        0.014222
FIRE:  193 15:43:37        0.101359        0.014050
FIRE:  194 15:43:37        0.101336        0.013840
FIRE:  195 15:43:37        0.101310        0.013597
FIRE:  196 15:43:37        0.101283        0.013325
FIRE:  197 15:43:37        0.101252        0.012998
FIRE:  198 15:43:37        0.101217        0.012613
FIRE:  199 15:43:37        0.101180        0.012170
FIRE:  200 15:43:37        0.101138        0.011676
FIRE:  201 15:43:37        0.101089        0.011141
FIRE:  202 15:43:37        0.101032        0.010579
FIRE:  203 15:43:37        0.100963        0.010000
