      Step     Time          Energy          fmax
FIRE:    0 15:50:20      260.606864       73.483918
FIRE:    1 15:50:20      222.486773       65.747959
FIRE:    2 15:50:20      188.447102       57.599289
FIRE:    3 15:50:20      158.634527       49.393023
FIRE:    4 15:50:20      133.022488       41.427829
FIRE:    5 15:50:20      111.436754       33.892218
FIRE:    6 15:50:20       93.605582       27.479048
FIRE:    7 15:50:20       79.212134       22.293445
FIRE:    8 15:50:20       67.931882       17.437590
FIRE:    9 15:50:20       59.462431       14.858480
FIRE:   10 15:50:20       53.524320       14.487614
FIRE:   11 15:50:20       49.814244       14.269053
FIRE:   12 15:50:20       47.902575       14.071223
FIRE:   13 15:50:20       47.127737       13.744012
FIRE:   14 15:50:20       41.933217       12.081121
FIRE:   15 15:50:20       39.063534       10.881190
FIRE:   16 15:50:20       36.610015        9.946955
FIRE:   17 15:50:20       33.700099        9.136792
FIRE:   18 15:50:20       30.551894        8.395861
FIRE:   19 15:50:20       27.602972        7.714702
FIRE:   20 15:50:21       25.069853        7.088064
FIRE:   21 15:50:21       22.950480        6.502582
FIRE:   22 15:50:21       21.114818        5.937924
FIRE:   23 15:50:21       19.414311        5.375521
FIRE:   24 15:50:21       17.774416        4.817295
FIRE:   25 15:50:21       16.215371        4.272315
FIRE:   26 15:50:21       14.798620        3.757876
FIRE:   27 15:50:21       13.566245        3.283070
FIRE:   28 15:50:21       12.522054        2.847962
FIRE:   29 15:50:21       11.645251        2.445480
FIRE:   30 15:50:21       10.912183        2.071304
FIRE:   31 15:50:21       10.307260        1.722656
FIRE:   32 15:50:21        9.824270        1.396525
FIRE:   33 15:50:21        9.459484        1.094897
FIRE:   34 15:50:21        9.204930        0.820259
FIRE:   35 15:50:21        9.047266        0.573204
FIRE:   36 15:50:21        8.972675        0.481500
FIRE:   37 15:50:21        8.970255        0.569943
FIRE:   38 15:50:21        8.931759        0.553181
FIRE:   39 15:50:21        8.874828        0.515499
FIRE:   40 15:50:21        8.814512        0.468963
FIRE:   41 15:50:21        8.740895        0.443100
FIRE:   42 15:50:21        8.647649        0.435202
FIRE:   43 15:50:21        8.524768        0.415033
FIRE:   44 15:50:21        8.377868        0.426201
FIRE:   45 15:50:22        8.231282        0.447376
FIRE:   46 15:50:22        8.075893        0.454756
FIRE:   47 15:50:22        7.907799        0.444302
FIRE:   48 15:50:22        7.739692        0.423082
FIRE:   49 15:50:22        7.586672        0.404397
FIRE:   50 15:50:22        7.464704        0.395517
FIRE:   51 15:50:22        7.378061        0.389003
FIRE:   52 15:50:22        7.307897        0.363458
FIRE:   53 15:50:22        7.234475        0.303371
FIRE:   54 15:50:22        7.170588        0.223929
FIRE:   55 15:50:22        7.136705        0.218927
FIRE:   56 15:50:22        7.117241        0.239380
FIRE:   57 15:50:22        7.088123        0.203809
FIRE:   58 15:50:22        7.049840        0.192128
FIRE:   59 15:50:22        7.012642        0.216967
FIRE:   60 15:50:22        6.973308        0.179665
FIRE:   61 15:50:22        6.936122        0.118803
FIRE:   62 15:50:22        6.903181        0.091863
FIRE:   63 15:50:22        6.875441        0.128544
FIRE:   64 15:50:22        6.842602        0.115119
FIRE:   65 15:50:22        6.803137        0.128336
FIRE:   66 15:50:22        6.760421        0.195524
FIRE:   67 15:50:22        6.708803        0.250571
FIRE:   68 15:50:22        6.644218        0.290606
FIRE:   69 15:50:22        6.571911        0.315691
FIRE:   70 15:50:23        6.515253        0.330190
FIRE:   71 15:50:23        6.489694        0.468446
FIRE:   72 15:50:23        6.424996        0.499419
FIRE:   73 15:50:23        6.386994        0.290282
FIRE:   74 15:50:23        6.380556        0.282279
FIRE:   75 15:50:23        6.371711        0.268483
FIRE:   76 15:50:23        6.362652        0.253484
FIRE:   77 15:50:23        6.351006        0.242258
FIRE:   78 15:50:23        6.334926        0.236495
FIRE:   79 15:50:23        6.316386        0.234231
FIRE:   80 15:50:23        6.297149        0.231460
FIRE:   81 15:50:23        6.272946        0.224236
FIRE:   82 15:50:23        6.241391        0.210631
FIRE:   83 15:50:23        6.204334        0.193398
FIRE:   84 15:50:23        6.159324        0.192635
FIRE:   85 15:50:23        6.102241        0.186494
FIRE:   86 15:50:23        6.031686        0.192016
FIRE:   87 15:50:23        5.942870        0.207937
FIRE:   88 15:50:23        5.843105        0.219699
FIRE:   89 15:50:23        5.722940        0.245215
FIRE:   90 15:50:23        5.578426        0.301118
FIRE:   91 15:50:23        5.405537        0.352540
FIRE:   92 15:50:23        5.204276        0.396939
FIRE:   93 15:50:24        4.978235        0.465072
FIRE:   94 15:50:24        4.736245        0.536522
FIRE:   95 15:50:24        4.491589        0.595921
FIRE:   96 15:50:24        4.257360        0.636520
FIRE:   97 15:50:24        4.040585        0.656805
FIRE:   98 15:50:24        3.839146        0.660137
FIRE:   99 15:50:24        3.646612        0.648199
FIRE:  100 15:50:24        3.454635        0.623588
FIRE:  101 15:50:24        3.260735        0.590894
FIRE:  102 15:50:24        3.072650        0.552706
FIRE:  103 15:50:24        2.902967        0.512624
FIRE:  104 15:50:24        2.760089        0.535280
FIRE:  105 15:50:24        2.643186        0.541282
FIRE:  106 15:50:25        2.543196        0.522812
FIRE:  107 15:50:25        2.449099        0.481130
FIRE:  108 15:50:25        2.355007        0.425009
FIRE:  109 15:50:25        2.262721        0.431992
FIRE:  110 15:50:25        2.187615        0.321042
FIRE:  111 15:50:25        2.157150        0.265120
FIRE:  112 15:50:25        2.129969        0.252504
FIRE:  113 15:50:25        2.109937        0.120497
FIRE:  114 15:50:25        2.106524        0.165883
FIRE:  115 15:50:25        2.104677        0.130823
FIRE:  116 15:50:25        2.102261        0.072456
FIRE:  117 15:50:25        2.100714        0.065519
FIRE:  118 15:50:25        2.100260        0.077149
FIRE:  119 15:50:25        2.100124        0.072465
FIRE:  120 15:50:25        2.099874        0.063424
FIRE:  121 15:50:25        2.099550        0.060349
FIRE:  122 15:50:25        2.099199        0.058935
FIRE:  123 15:50:25        2.098863        0.057348
FIRE:  124 15:50:25        2.098563        0.055699
FIRE:  125 15:50:25        2.098295        0.054117
FIRE:  126 15:50:25        2.098007        0.052586
FIRE:  127 15:50:25        2.097651        0.051268
FIRE:  128 15:50:25        2.097180        0.050333
FIRE:  129 15:50:26        2.096573        0.049939
FIRE:  130 15:50:26        2.095875        0.050186
FIRE:  131 15:50:26        2.095178        0.051001
FIRE:  132 15:50:26        2.094518        0.052008
FIRE:  133 15:50:26        2.093794        0.052750
FIRE:  134 15:50:26        2.092917        0.052993
FIRE:  135 15:50:26        2.091989        0.052809
FIRE:  136 15:50:26        2.091044        0.052732
FIRE:  137 15:50:26        2.089834        0.053294
FIRE:  138 15:50:26        2.088366        0.054330
FIRE:  139 15:50:26        2.086638        0.054102
FIRE:  140 15:50:26        2.084357        0.051579
FIRE:  141 15:50:26        2.081640        0.049808
FIRE:  142 15:50:26        2.078181        0.052200
FIRE:  143 15:50:26        2.074156        0.052186
FIRE:  144 15:50:26        2.069631        0.047318
FIRE:  145 15:50:26        2.064666        0.050839
FIRE:  146 15:50:26        2.060674        0.124743
FIRE:  147 15:50:26        2.085797        0.550577
FIRE:  148 15:50:26        2.059978        0.264378
FIRE:  149 15:50:26        2.055289        0.167660
FIRE:  150 15:50:26        2.052090        0.040508
FIRE:  151 15:50:26        2.054118        0.142679
FIRE:  152 15:50:26        2.053712        0.129577
FIRE:  153 15:50:27        2.053043        0.104608
FIRE:  154 15:50:27        2.052341        0.070159
FIRE:  155 15:50:27        2.051847        0.041120
FIRE:  156 15:50:27        2.051708        0.040582
FIRE:  157 15:50:27        2.051704        0.040586
FIRE:  158 15:50:27        2.051697        0.040593
FIRE:  159 15:50:27        2.051687        0.040603
FIRE:  160 15:50:27        2.051673        0.040616
FIRE:  161 15:50:27        2.051656        0.040631
FIRE:  162 15:50:27        2.051637        0.040649
FIRE:  163 15:50:27        2.051616        0.040668
FIRE:  164 15:50:27        2.051589        0.040689
FIRE:  165 15:50:27        2.051557        0.040712
FIRE:  166 15:50:27        2.051519        0.040735
FIRE:  167 15:50:27        2.051472        0.040755
FIRE:  168 15:50:27        2.051415        0.040769
FIRE:  169 15:50:27        2.051344        0.040771
FIRE:  170 15:50:27        2.051257        0.040757
FIRE:  171 15:50:27        2.051148        0.040720
FIRE:  172 15:50:27        2.051017        0.040658
FIRE:  173 15:50:27        2.050859        0.040571
FIRE:  174 15:50:27        2.050671        0.040466
FIRE:  175 15:50:27        2.050447        0.040353
FIRE:  176 15:50:27        2.050177        0.040243
FIRE:  177 15:50:28        2.049855        0.040134
FIRE:  178 15:50:28        2.049473        0.040002
FIRE:  179 15:50:28        2.049020        0.039802
FIRE:  180 15:50:28        2.048476        0.039510
FIRE:  181 15:50:28        2.047830        0.039147
FIRE:  182 15:50:28        2.047056        0.038757
FIRE:  183 15:50:28        2.046130        0.038306
FIRE:  184 15:50:28        2.045023        0.037685
FIRE:  185 15:50:28        2.043711        0.036845
FIRE:  186 15:50:28        2.042171        0.035756
FIRE:  187 15:50:28        2.040392        0.034161
FIRE:  188 15:50:28        2.038370        0.032309
FIRE:  189 15:50:28        2.036180        0.029826
FIRE:  190 15:50:28        2.034693        0.096538
FIRE:  191 15:50:28        2.033650        0.027760
FIRE:  192 15:50:28        2.034344        0.086884
FIRE:  193 15:50:28        2.033972        0.064824
FIRE:  194 15:50:28        2.033572        0.027202
FIRE:  195 15:50:28        2.033497        0.027802
FIRE:  196 15:50:28        2.033489        0.027781
FIRE:  197 15:50:28        2.033476        0.027740
FIRE:  198 15:50:28        2.033458        0.027682
FIRE:  199 15:50:28        2.033439        0.027611
FIRE:  200 15:50:29        2.033419        0.027533
FIRE:  201 15:50:29        2.033400        0.027454
FIRE:  202 15:50:29        2.033382        0.027380
FIRE:  203 15:50:29        2.033360        0.027310
FIRE:  204 15:50:29        2.033331        0.027250
FIRE:  205 15:50:29        2.033292        0.027207
FIRE:  206 15:50:29        2.033240        0.027181
FIRE:  207 15:50:29        2.033175        0.027170
FIRE:  208 15:50:29        2.033101        0.027159
FIRE:  209 15:50:29        2.033015        0.027120
FIRE:  210 15:50:29        2.032908        0.027020
FIRE:  211 15:50:29        2.032773        0.026842
FIRE:  212 15:50:29        2.032612        0.026602
FIRE:  213 15:50:29        2.032424        0.026355
FIRE:  214 15:50:29        2.032190        0.026140
FIRE:  215 15:50:29        2.031913        0.025920
FIRE:  216 15:50:29        2.031583        0.025554
FIRE:  217 15:50:29        2.031186        0.024976
FIRE:  218 15:50:29        2.030719        0.024337
FIRE:  219 15:50:29        2.030174        0.023654
FIRE:  220 15:50:29        2.029540        0.022527
FIRE:  221 15:50:29        2.028820        0.021425
FIRE:  222 15:50:29        2.028028        0.019700
FIRE:  223 15:50:29        2.027300        0.037500
FIRE:  224 15:50:30        2.027543        0.109020
FIRE:  225 15:50:30        2.026267        0.016095
FIRE:  226 15:50:30        2.026261        0.016058
FIRE:  227 15:50:30        2.026251        0.015994
FIRE:  228 15:50:30        2.026239        0.015919
FIRE:  229 15:50:30        2.026225        0.015851
FIRE:  230 15:50:30        2.026207        0.015803
FIRE:  231 15:50:30        2.026183        0.015775
FIRE:  232 15:50:30        2.026156        0.015759
FIRE:  233 15:50:30        2.026124        0.015733
FIRE:  234 15:50:30        2.026084        0.015666
FIRE:  235 15:50:30        2.026033        0.015531
FIRE:  236 15:50:30        2.025971        0.015334
FIRE:  237 15:50:30        2.025897        0.015124
FIRE:  238 15:50:30        2.025805        0.014939
FIRE:  239 15:50:30        2.025696        0.014716
FIRE:  240 15:50:30        2.025564        0.014329
FIRE:  241 15:50:30        2.025409        0.013824
FIRE:  242 15:50:30        2.025228        0.013337
FIRE:  243 15:50:30        2.025019        0.012559
FIRE:  244 15:50:30        2.024784        0.011759
FIRE:  245 15:50:30        2.024541        0.012208
FIRE:  246 15:50:30        2.024410        0.037353
FIRE:  247 15:50:30        2.024257        0.009451
