      Step     Time          Energy          fmax
FIRE:    0 15:47:29      222.997564      169.064901
FIRE:    1 15:47:29      158.076593      121.341773
FIRE:    2 15:47:29      115.117180       81.853191
FIRE:    3 15:47:29       88.059624       48.345638
FIRE:    4 15:47:29       73.692585       19.379722
FIRE:    5 15:47:29       70.514376       20.921624
FIRE:    6 15:47:29       66.138963       15.122547
FIRE:    7 15:47:29       60.768049       17.090926
FIRE:    8 15:47:29       54.482315       17.654584
FIRE:    9 15:47:29       47.872726       15.702554
FIRE:   10 15:47:29       41.791112       14.903848
FIRE:   11 15:47:29       36.238823       14.699172
FIRE:   12 15:47:29       31.053578       13.584968
FIRE:   13 15:47:29       26.294737       11.220053
FIRE:   14 15:47:29       22.166288        7.946251
FIRE:   15 15:47:29       18.836152        5.072077
FIRE:   16 15:47:29       16.357945        4.633258
FIRE:   17 15:47:29       14.579276        6.896638
FIRE:   18 15:47:29       13.052026        9.882335
FIRE:   19 15:47:29       11.362589        9.082207
FIRE:   20 15:47:29        9.668341        5.191343
FIRE:   21 15:47:30        8.402061        2.010453
FIRE:   22 15:47:30        7.647816        2.416745
FIRE:   23 15:47:30        7.166485        3.924752
FIRE:   24 15:47:30        6.766882        4.054123
FIRE:   25 15:47:30        6.417227        3.112066
FIRE:   26 15:47:30        6.190605        1.552421
FIRE:   27 15:47:30        6.125103        2.071157
FIRE:   28 15:47:30        5.861122        1.525357
FIRE:   29 15:47:30        5.534531        0.977343
FIRE:   30 15:47:30        5.310063        0.907417
FIRE:   31 15:47:30        5.192284        0.884135
FIRE:   32 15:47:30        5.100202        1.196063
FIRE:   33 15:47:30        4.960935        1.191866
FIRE:   34 15:47:30        4.739853        0.981371
FIRE:   35 15:47:30        4.487340        0.564664
FIRE:   36 15:47:30        4.343032        0.865694
FIRE:   37 15:47:30        4.299635        0.879569
FIRE:   38 15:47:30        4.268747        0.821511
FIRE:   39 15:47:30        4.215288        0.738334
FIRE:   40 15:47:30        4.152704        0.629477
FIRE:   41 15:47:30        4.094650        0.511826
FIRE:   42 15:47:30        4.050191        0.504712
FIRE:   43 15:47:30        4.020440        0.520564
FIRE:   44 15:47:30        3.998801        0.530733
FIRE:   45 15:47:30        3.973551        0.535115
FIRE:   46 15:47:31        3.935769        0.532779
FIRE:   47 15:47:31        3.881421        0.523154
FIRE:   48 15:47:31        3.815206        0.505069
FIRE:   49 15:47:31        3.746212        0.478643
FIRE:   50 15:47:31        3.671753        0.445711
FIRE:   51 15:47:31        3.574796        0.413809
FIRE:   52 15:47:31        3.456267        0.408127
FIRE:   53 15:47:31        3.343584        0.427130
FIRE:   54 15:47:31        3.229903        0.531687
FIRE:   55 15:47:31        3.099102        0.446210
FIRE:   56 15:47:31        2.995694        0.315033
FIRE:   57 15:47:31        2.920873        0.303307
FIRE:   58 15:47:31        2.850300        0.307464
FIRE:   59 15:47:31        2.799605        0.385931
FIRE:   60 15:47:32        2.759188        0.435663
FIRE:   61 15:47:32        2.701481        0.450776
FIRE:   62 15:47:32        2.620592        0.491623
FIRE:   63 15:47:32        2.506190        0.545370
FIRE:   64 15:47:32        2.381090        0.584618
FIRE:   65 15:47:32        2.258564        0.590913
FIRE:   66 15:47:32        2.135284        0.566170
FIRE:   67 15:47:32        2.013216        0.521377
FIRE:   68 15:47:32        1.888928        0.469147
FIRE:   69 15:47:32        1.765406        0.417524
FIRE:   70 15:47:32        1.654326        0.361962
FIRE:   71 15:47:32        1.558623        0.372974
FIRE:   72 15:47:32        1.474658        0.368554
FIRE:   73 15:47:32        1.401006        0.344728
FIRE:   74 15:47:32        1.338843        0.304657
FIRE:   75 15:47:32        1.292400        0.252153
FIRE:   76 15:47:32        1.260881        0.191931
FIRE:   77 15:47:32        1.239473        0.224697
FIRE:   78 15:47:32        1.226203        0.273232
FIRE:   79 15:47:32        1.216700        0.299632
FIRE:   80 15:47:32        1.203981        0.300861
FIRE:   81 15:47:32        1.187346        0.282054
FIRE:   82 15:47:32        1.167082        0.251027
FIRE:   83 15:47:33        1.143121        0.218569
FIRE:   84 15:47:33        1.122726        0.213752
FIRE:   85 15:47:33        1.112173        0.193766
FIRE:   86 15:47:33        1.112742        0.183314
FIRE:   87 15:47:33        1.098056        0.187688
FIRE:   88 15:47:33        1.089677        0.435688
FIRE:   89 15:47:33        1.063721        0.165455
FIRE:   90 15:47:33        1.062536        0.164939
FIRE:   91 15:47:33        1.060808        0.163509
FIRE:   92 15:47:33        1.059064        0.160540
FIRE:   93 15:47:33        1.057092        0.155643
FIRE:   94 15:47:33        1.054388        0.148907
FIRE:   95 15:47:33        1.050980        0.140666
FIRE:   96 15:47:33        1.047391        0.131475
FIRE:   97 15:47:33        1.043483        0.121330
FIRE:   98 15:47:33        1.038772        0.111586
FIRE:   99 15:47:33        1.033077        0.102936
FIRE:  100 15:47:33        1.027166        0.094268
FIRE:  101 15:47:33        1.020745        0.083496
FIRE:  102 15:47:33        1.014005        0.071332
FIRE:  103 15:47:33        1.007629        0.062827
FIRE:  104 15:47:33        1.001699        0.058823
FIRE:  105 15:47:33        0.996362        0.054193
FIRE:  106 15:47:33        0.992011        0.053224
FIRE:  107 15:47:34        0.988684        0.087605
FIRE:  108 15:47:34        0.986716        0.182290
FIRE:  109 15:47:34        0.983916        0.065753
FIRE:  110 15:47:34        0.984738        0.142869
FIRE:  111 15:47:34        0.984089        0.112413
FIRE:  112 15:47:34        0.983258        0.064069
FIRE:  113 15:47:34        0.982792        0.062737
FIRE:  114 15:47:34        0.982782        0.064470
FIRE:  115 15:47:34        0.982734        0.061678
FIRE:  116 15:47:34        0.982643        0.061698
FIRE:  117 15:47:34        0.982522        0.061728
FIRE:  118 15:47:34        0.982387        0.061763
FIRE:  119 15:47:34        0.982252        0.061795
FIRE:  120 15:47:34        0.982123        0.061810
FIRE:  121 15:47:34        0.982003        0.061786
FIRE:  122 15:47:34        0.981871        0.061691
FIRE:  123 15:47:34        0.981709        0.061482
FIRE:  124 15:47:34        0.981491        0.061114
FIRE:  125 15:47:34        0.981193        0.060543
FIRE:  126 15:47:34        0.980810        0.059745
FIRE:  127 15:47:34        0.980354        0.058723
FIRE:  128 15:47:34        0.979845        0.057532
FIRE:  129 15:47:34        0.979257        0.056261
FIRE:  130 15:47:35        0.978522        0.054977
FIRE:  131 15:47:35        0.977618        0.053676
FIRE:  132 15:47:35        0.976600        0.052204
FIRE:  133 15:47:35        0.975432        0.050210
FIRE:  134 15:47:35        0.974035        0.047512
FIRE:  135 15:47:35        0.972504        0.044472
FIRE:  136 15:47:35        0.970760        0.041780
FIRE:  137 15:47:35        0.968883        0.039341
FIRE:  138 15:47:35        0.966817        0.036254
FIRE:  139 15:47:35        0.964674        0.033724
FIRE:  140 15:47:35        0.962442        0.032977
FIRE:  141 15:47:35        0.960096        0.039048
FIRE:  142 15:47:35        0.957734        0.054133
FIRE:  143 15:47:35        0.955818        0.111774
FIRE:  144 15:47:35        0.954722        0.032985
FIRE:  145 15:47:35        0.955174        0.087844
FIRE:  146 15:47:35        0.954894        0.068552
FIRE:  147 15:47:35        0.954545        0.034206
FIRE:  148 15:47:35        0.954375        0.032389
FIRE:  149 15:47:35        0.954416        0.042246
FIRE:  150 15:47:35        0.954396        0.040022
FIRE:  151 15:47:35        0.954359        0.035696
FIRE:  152 15:47:35        0.954311        0.031997
FIRE:  153 15:47:36        0.954258        0.031999
FIRE:  154 15:47:36        0.954207        0.031993
FIRE:  155 15:47:36        0.954163        0.031976
FIRE:  156 15:47:36        0.954125        0.031941
FIRE:  157 15:47:36        0.954087        0.031879
FIRE:  158 15:47:36        0.954039        0.031784
FIRE:  159 15:47:36        0.953973        0.031646
FIRE:  160 15:47:36        0.953877        0.031458
FIRE:  161 15:47:36        0.953751        0.031207
FIRE:  162 15:47:36        0.953602        0.030883
FIRE:  163 15:47:36        0.953441        0.030483
FIRE:  164 15:47:36        0.953261        0.030029
FIRE:  165 15:47:36        0.953029        0.029553
FIRE:  166 15:47:36        0.952737        0.029075
FIRE:  167 15:47:36        0.952409        0.028561
FIRE:  168 15:47:36        0.952037        0.027909
FIRE:  169 15:47:36        0.951574        0.027034
FIRE:  170 15:47:36        0.951061        0.025970
FIRE:  171 15:47:36        0.950465        0.025046
FIRE:  172 15:47:36        0.949789        0.024395
FIRE:  173 15:47:36        0.949019        0.023448
FIRE:  174 15:47:36        0.948179        0.022301
FIRE:  175 15:47:37        0.947224        0.022207
FIRE:  176 15:47:37        0.946168        0.021114
FIRE:  177 15:47:37        0.945030        0.021072
FIRE:  178 15:47:37        0.943995        0.055141
FIRE:  179 15:47:37        0.944349        0.147083
FIRE:  180 15:47:37        0.942424        0.017718
FIRE:  181 15:47:37        0.942414        0.017744
FIRE:  182 15:47:37        0.942397        0.017782
FIRE:  183 15:47:37        0.942374        0.017805
FIRE:  184 15:47:37        0.942346        0.017781
FIRE:  185 15:47:37        0.942310        0.017682
FIRE:  186 15:47:37        0.942266        0.017499
FIRE:  187 15:47:37        0.942216        0.017241
FIRE:  188 15:47:37        0.942154        0.016901
FIRE:  189 15:47:37        0.942079        0.016518
FIRE:  190 15:47:37        0.941986        0.016133
FIRE:  191 15:47:37        0.941873        0.015747
FIRE:  192 15:47:37        0.941740        0.015283
FIRE:  193 15:47:37        0.941581        0.014661
FIRE:  194 15:47:37        0.941398        0.013957
FIRE:  195 15:47:37        0.941185        0.013367
FIRE:  196 15:47:37        0.940944        0.012750
FIRE:  197 15:47:37        0.940674        0.011906
FIRE:  198 15:47:38        0.940375        0.011416
FIRE:  199 15:47:38        0.940053        0.010573
FIRE:  200 15:47:38        0.939745        0.021669
FIRE:  201 15:47:38        0.939633        0.055233
FIRE:  202 15:47:38        0.939345        0.008984
