      Step     Time          Energy          fmax
FIRE:    0 15:45:34      283.148176      166.111853
FIRE:    1 15:45:34      231.191176      100.026470
FIRE:    2 15:45:34      195.082495       61.427449
FIRE:    3 15:45:34      168.630968       49.169843
FIRE:    4 15:45:35      148.071777       43.351424
FIRE:    5 15:45:35      130.800945       38.577988
FIRE:    6 15:45:35      115.492981       34.582167
FIRE:    7 15:45:35      101.849501       31.128035
FIRE:    8 15:45:35       89.895663       28.049071
FIRE:    9 15:45:35       79.539733       25.247542
FIRE:   10 15:45:35       70.413315       22.706101
FIRE:   11 15:45:35       62.081573       20.431377
FIRE:   12 15:45:35       54.332034       18.441162
FIRE:   13 15:45:35       47.246913       16.724541
FIRE:   14 15:45:35       41.030906       15.227366
FIRE:   15 15:45:35       35.796764       13.867997
FIRE:   16 15:45:35       31.485775       12.567108
FIRE:   17 15:45:35       27.921902       11.272736
FIRE:   18 15:45:35       24.897341        9.970281
FIRE:   19 15:45:35       22.224459        8.672332
FIRE:   20 15:45:35       19.768855        7.403073
FIRE:   21 15:45:35       17.479569        6.190426
FIRE:   22 15:45:35       15.396980        5.065381
FIRE:   23 15:45:35       13.630985        4.047463
FIRE:   24 15:45:35       12.318760        3.180310
FIRE:   25 15:45:35       11.542616        3.134440
FIRE:   26 15:45:36       11.200970        4.541623
FIRE:   27 15:45:36       11.012658        6.122387
FIRE:   28 15:45:36       10.666805        6.338069
FIRE:   29 15:45:36       10.074774        5.053316
FIRE:   30 15:45:36        9.454221        2.892583
FIRE:   31 15:45:36        9.072579        1.797729
FIRE:   32 15:45:36        8.976755        1.944927
FIRE:   33 15:45:36        8.637513        1.451382
FIRE:   34 15:45:36        8.494309        1.573718
FIRE:   35 15:45:36        8.298867        0.778066
FIRE:   36 15:45:36        8.224843        0.775335
FIRE:   37 15:45:36        8.208106        0.756207
FIRE:   38 15:45:36        8.180672        0.721574
FIRE:   39 15:45:36        8.150797        0.676916
FIRE:   40 15:45:36        8.123802        0.627348
FIRE:   41 15:45:36        8.099198        0.576429
FIRE:   42 15:45:36        8.072904        0.525934
FIRE:   43 15:45:36        8.042280        0.476706
FIRE:   44 15:45:36        8.005199        0.424865
FIRE:   45 15:45:36        7.967779        0.371862
FIRE:   46 15:45:36        7.938361        0.317340
FIRE:   47 15:45:36        7.916618        0.255953
FIRE:   48 15:45:37        7.894658        0.240184
FIRE:   49 15:45:37        7.873032        0.174397
FIRE:   50 15:45:37        7.856811        0.212602
FIRE:   51 15:45:37        7.838792        0.248761
FIRE:   52 15:45:37        7.816441        0.220611
FIRE:   53 15:45:37        7.801204        0.278310
FIRE:   54 15:45:37        7.792336        0.277383
FIRE:   55 15:45:37        7.789589        0.272933
FIRE:   56 15:45:37        7.784887        0.265002
FIRE:   57 15:45:37        7.779265        0.255486
FIRE:   58 15:45:37        7.773333        0.246916
FIRE:   59 15:45:37        7.767047        0.241601
FIRE:   60 15:45:37        7.760141        0.240553
FIRE:   61 15:45:37        7.752645        0.243099
FIRE:   62 15:45:37        7.744087        0.247629
FIRE:   63 15:45:37        7.734636        0.250281
FIRE:   64 15:45:37        7.723698        0.246475
FIRE:   65 15:45:37        7.710437        0.234711
FIRE:   66 15:45:37        7.695350        0.219470
FIRE:   67 15:45:37        7.679322        0.210185
FIRE:   68 15:45:37        7.661326        0.207513
FIRE:   69 15:45:37        7.640388        0.198037
FIRE:   70 15:45:38        7.614256        0.179823
FIRE:   71 15:45:38        7.581305        0.177345
FIRE:   72 15:45:38        7.540987        0.177819
FIRE:   73 15:45:38        7.492880        0.173208
FIRE:   74 15:45:38        7.445191        0.198132
FIRE:   75 15:45:38        7.401425        0.303923
FIRE:   76 15:45:38        7.359399        0.321453
FIRE:   77 15:45:38        7.310669        0.427615
FIRE:   78 15:45:38        7.250611        0.391046
FIRE:   79 15:45:38        7.180161        0.441695
FIRE:   80 15:45:38        7.092512        0.436579
FIRE:   81 15:45:38        6.984381        0.327683
FIRE:   82 15:45:38        6.857913        0.362436
FIRE:   83 15:45:38        6.720148        0.415370
FIRE:   84 15:45:38        6.577686        0.470278
FIRE:   85 15:45:38        6.437519        0.492910
FIRE:   86 15:45:38        6.312211        0.519638
FIRE:   87 15:45:38        6.210828        0.519924
FIRE:   88 15:45:39        6.126898        0.466738
FIRE:   89 15:45:39        6.043630        0.385952
FIRE:   90 15:45:39        5.948699        0.321087
FIRE:   91 15:45:39        5.844696        0.337295
FIRE:   92 15:45:39        5.745024        0.344607
FIRE:   93 15:45:39        5.656261        0.331876
FIRE:   94 15:45:39        5.582218        0.296416
FIRE:   95 15:45:39        5.524905        0.286540
FIRE:   96 15:45:39        5.484737        0.300448
FIRE:   97 15:45:39        5.459060        0.225389
FIRE:   98 15:45:39        5.457953        0.291889
FIRE:   99 15:45:39        5.486640        0.721872
FIRE:  100 15:45:39        5.460479        0.775301
FIRE:  101 15:45:39        5.430925        0.333722
FIRE:  102 15:45:39        5.425858        0.271378
FIRE:  103 15:45:39        5.424900        0.237826
FIRE:  104 15:45:39        5.423432        0.174921
FIRE:  105 15:45:40        5.422128        0.090652
FIRE:  106 15:45:40        5.421544        0.059796
FIRE:  107 15:45:40        5.421707        0.084912
FIRE:  108 15:45:40        5.421667        0.081845
FIRE:  109 15:45:40        5.421590        0.075815
FIRE:  110 15:45:40        5.421485        0.067034
FIRE:  111 15:45:40        5.421362        0.061244
FIRE:  112 15:45:40        5.421232        0.060532
FIRE:  113 15:45:40        5.421106        0.059734
FIRE:  114 15:45:40        5.420993        0.058879
FIRE:  115 15:45:40        5.420889        0.057911
FIRE:  116 15:45:40        5.420796        0.056877
FIRE:  117 15:45:40        5.420710        0.055850
FIRE:  118 15:45:40        5.420611        0.054916
FIRE:  119 15:45:40        5.420476        0.054150
FIRE:  120 15:45:40        5.420285        0.053617
FIRE:  121 15:45:40        5.420039        0.053362
FIRE:  122 15:45:40        5.419768        0.053374
FIRE:  123 15:45:40        5.419509        0.053512
FIRE:  124 15:45:40        5.419254        0.053426
FIRE:  125 15:45:40        5.418926        0.052769
FIRE:  126 15:45:40        5.418473        0.051374
FIRE:  127 15:45:41        5.417955        0.049441
FIRE:  128 15:45:41        5.417406        0.047787
FIRE:  129 15:45:41        5.416694        0.047209
FIRE:  130 15:45:41        5.415830        0.047691
FIRE:  131 15:45:41        5.414883        0.047516
FIRE:  132 15:45:41        5.413660        0.044938
FIRE:  133 15:45:41        5.412292        0.043871
FIRE:  134 15:45:41        5.410581        0.043731
FIRE:  135 15:45:41        5.408663        0.043203
FIRE:  136 15:45:41        5.406452        0.046076
FIRE:  137 15:45:41        5.403806        0.051558
FIRE:  138 15:45:41        5.400850        0.085461
FIRE:  139 15:45:41        5.398710        0.185258
FIRE:  140 15:45:41        5.396697        0.052356
FIRE:  141 15:45:41        5.397927        0.168907
FIRE:  142 15:45:41        5.397241        0.127577
FIRE:  143 15:45:41        5.396478        0.054955
FIRE:  144 15:45:41        5.396281        0.050218
FIRE:  145 15:45:41        5.396268        0.050277
FIRE:  146 15:45:41        5.396242        0.050391
FIRE:  147 15:45:41        5.396208        0.050549
FIRE:  148 15:45:41        5.396168        0.050739
FIRE:  149 15:45:42        5.396124        0.050941
FIRE:  150 15:45:42        5.396078        0.051134
FIRE:  151 15:45:42        5.396029        0.051293
FIRE:  152 15:45:42        5.395969        0.051407
FIRE:  153 15:45:42        5.395893        0.051441
FIRE:  154 15:45:42        5.395793        0.051360
FIRE:  155 15:45:42        5.395664        0.051139
FIRE:  156 15:45:42        5.395504        0.050773
FIRE:  157 15:45:42        5.395312        0.050303
FIRE:  158 15:45:42        5.395082        0.049831
FIRE:  159 15:45:42        5.394799        0.049496
FIRE:  160 15:45:42        5.394443        0.049389
FIRE:  161 15:45:42        5.394011        0.049448
FIRE:  162 15:45:42        5.393493        0.049383
FIRE:  163 15:45:42        5.392855        0.048858
FIRE:  164 15:45:42        5.392081        0.047896
FIRE:  165 15:45:42        5.391149        0.047114
FIRE:  166 15:45:42        5.390015        0.046833
FIRE:  167 15:45:42        5.388654        0.045977
FIRE:  168 15:45:42        5.387019        0.044028
FIRE:  169 15:45:42        5.385059        0.043143
FIRE:  170 15:45:42        5.382727        0.041190
FIRE:  171 15:45:43        5.379966        0.039535
FIRE:  172 15:45:43        5.376726        0.037689
FIRE:  173 15:45:43        5.372974        0.035569
FIRE:  174 15:45:43        5.368761        0.034891
FIRE:  175 15:45:43        5.367037        0.238366
FIRE:  176 15:45:43        5.364808        0.123776
FIRE:  177 15:45:43        5.364293        0.077827
FIRE:  178 15:45:43        5.363929        0.032924
FIRE:  179 15:45:43        5.364090        0.067156
FIRE:  180 15:45:43        5.364041        0.060737
FIRE:  181 15:45:43        5.363960        0.048527
FIRE:  182 15:45:43        5.363873        0.031873
FIRE:  183 15:45:43        5.363804        0.032510
FIRE:  184 15:45:43        5.363769        0.033152
FIRE:  185 15:45:43        5.363758        0.033680
FIRE:  186 15:45:43        5.363755        0.033662
FIRE:  187 15:45:43        5.363750        0.033627
FIRE:  188 15:45:43        5.363743        0.033574
FIRE:  189 15:45:43        5.363733        0.033507
FIRE:  190 15:45:43        5.363722        0.033426
FIRE:  191 15:45:43        5.363710        0.033334
FIRE:  192 15:45:44        5.363697        0.033234
FIRE:  193 15:45:44        5.363681        0.033118
FIRE:  194 15:45:44        5.363664        0.032990
FIRE:  195 15:45:44        5.363644        0.032856
FIRE:  196 15:45:44        5.363621        0.032727
FIRE:  197 15:45:44        5.363593        0.032617
FIRE:  198 15:45:44        5.363558        0.032543
FIRE:  199 15:45:44        5.363513        0.032521
FIRE:  200 15:45:44        5.363455        0.032564
FIRE:  201 15:45:44        5.363384        0.032674
FIRE:  202 15:45:44        5.363300        0.032829
FIRE:  203 15:45:44        5.363199        0.032979
FIRE:  204 15:45:44        5.363078        0.033047
FIRE:  205 15:45:44        5.362926        0.032962
FIRE:  206 15:45:44        5.362741        0.032707
FIRE:  207 15:45:44        5.362521        0.032370
FIRE:  208 15:45:44        5.362254        0.032143
FIRE:  209 15:45:44        5.361929        0.032148
FIRE:  210 15:45:44        5.361541        0.032210
FIRE:  211 15:45:44        5.361073        0.031900
FIRE:  212 15:45:44        5.360515        0.031188
FIRE:  213 15:45:45        5.359850        0.030794
FIRE:  214 15:45:45        5.359068        0.030576
FIRE:  215 15:45:45        5.358150        0.029194
FIRE:  216 15:45:45        5.357091        0.028514
FIRE:  217 15:45:45        5.355898        0.026162
FIRE:  218 15:45:45        5.354681        0.044057
FIRE:  219 15:45:45        5.354215        0.134938
FIRE:  220 15:45:45        5.353237        0.021085
FIRE:  221 15:45:45        5.353231        0.021042
FIRE:  222 15:45:45        5.353220        0.020964
FIRE:  223 15:45:45        5.353204        0.020865
FIRE:  224 15:45:45        5.353184        0.020765
FIRE:  225 15:45:45        5.353158        0.020677
FIRE:  226 15:45:45        5.353126        0.020606
FIRE:  227 15:45:45        5.353090        0.020542
FIRE:  228 15:45:45        5.353045        0.020459
FIRE:  229 15:45:45        5.352988        0.020319
FIRE:  230 15:45:45        5.352917        0.020082
FIRE:  231 15:45:45        5.352830        0.019743
FIRE:  232 15:45:45        5.352724        0.019347
FIRE:  233 15:45:45        5.352595        0.018948
FIRE:  234 15:45:45        5.352441        0.018485
FIRE:  235 15:45:46        5.352258        0.017787
FIRE:  236 15:45:46        5.352043        0.016903
FIRE:  237 15:45:46        5.351797        0.016022
FIRE:  238 15:45:46        5.351519        0.014631
FIRE:  239 15:45:46        5.351216        0.013280
FIRE:  240 15:45:46        5.350906        0.012392
FIRE:  241 15:45:46        5.350708        0.047036
FIRE:  242 15:45:46        5.350588        0.009373
