      Step     Time          Energy          fmax
FIRE:    0 15:50:57      202.638629       84.424803
FIRE:    1 15:50:57      166.117088       61.847634
FIRE:    2 15:50:57      138.233081       44.665287
FIRE:    3 15:50:57      116.527107       31.642310
FIRE:    4 15:50:57       99.088211       26.008852
FIRE:    5 15:50:58       84.548327       25.929052
FIRE:    6 15:50:58       72.058832       24.977787
FIRE:    7 15:50:58       61.189528       23.054685
FIRE:    8 15:50:58       51.744950       20.375727
FIRE:    9 15:50:58       43.655029       17.270677
FIRE:   10 15:50:58       36.866826       14.058298
FIRE:   11 15:50:58       31.292554       10.990952
FIRE:   12 15:50:58       26.800894        8.234494
FIRE:   13 15:50:58       23.228659        7.415770
FIRE:   14 15:50:58       20.401351        6.921838
FIRE:   15 15:50:58       18.157880        6.307842
FIRE:   16 15:50:58       16.371187        5.618752
FIRE:   17 15:50:58       14.954530        4.910360
FIRE:   18 15:50:58       13.845795        4.240341
FIRE:   19 15:50:58       12.979240        3.654082
FIRE:   20 15:50:58       12.278524        3.165351
FIRE:   21 15:50:58       11.690969        2.748657
FIRE:   22 15:50:58       11.216846        2.365957
FIRE:   23 15:50:58       10.884217        1.994435
FIRE:   24 15:50:58       10.681653        1.876255
FIRE:   25 15:50:58       10.531599        2.238350
FIRE:   26 15:50:58       10.331709        2.354711
FIRE:   27 15:50:58       10.018900        2.205069
FIRE:   28 15:50:58        9.601948        1.999271
FIRE:   29 15:50:58        9.145065        1.803130
FIRE:   30 15:50:59        8.728180        1.408804
FIRE:   31 15:50:59        8.415102        0.886545
FIRE:   32 15:50:59        8.240463        0.841405
FIRE:   33 15:50:59        8.200652        0.935742
FIRE:   34 15:50:59        7.907071        0.817516
FIRE:   35 15:50:59        7.695491        0.690025
FIRE:   36 15:50:59        7.525828        0.625441
FIRE:   37 15:50:59        7.378173        0.600460
FIRE:   38 15:50:59        7.193933        0.592067
FIRE:   39 15:50:59        6.967230        0.588411
FIRE:   40 15:50:59        6.759731        0.578984
FIRE:   41 15:50:59        6.596917        0.560788
FIRE:   42 15:50:59        6.442597        0.538495
FIRE:   43 15:50:59        6.255205        0.541803
FIRE:   44 15:50:59        6.048098        0.486506
FIRE:   45 15:50:59        5.861029        0.433045
FIRE:   46 15:50:59        5.688559        0.485532
FIRE:   47 15:50:59        5.495770        0.520045
FIRE:   48 15:50:59        5.273751        0.510090
FIRE:   49 15:50:59        5.040302        0.480228
FIRE:   50 15:50:59        4.811933        0.435171
FIRE:   51 15:50:59        4.601638        0.448533
FIRE:   52 15:50:59        4.428846        0.451764
FIRE:   53 15:50:59        4.313659        0.435208
FIRE:   54 15:50:59        4.249682        0.520592
FIRE:   55 15:50:59        4.193877        0.560045
FIRE:   56 15:51:00        4.117597        0.472798
FIRE:   57 15:51:00        4.059155        0.319592
FIRE:   58 15:51:00        4.070321        0.596147
FIRE:   59 15:51:00        3.962903        0.418144
FIRE:   60 15:51:00        3.891914        0.295755
FIRE:   61 15:51:00        3.878907        0.416310
FIRE:   62 15:51:00        3.859824        0.328493
FIRE:   63 15:51:00        3.835755        0.302592
FIRE:   64 15:51:00        3.820729        0.321970
FIRE:   65 15:51:00        3.813306        0.337334
FIRE:   66 15:51:00        3.800510        0.348133
FIRE:   67 15:51:00        3.775864        0.354395
FIRE:   68 15:51:00        3.745329        0.355296
FIRE:   69 15:51:00        3.716002        0.350620
FIRE:   70 15:51:01        3.687794        0.347074
FIRE:   71 15:51:01        3.647373        0.354237
FIRE:   72 15:51:01        3.594658        0.371434
FIRE:   73 15:51:01        3.533376        0.389644
FIRE:   74 15:51:01        3.450240        0.400410
FIRE:   75 15:51:01        3.358275        0.391869
FIRE:   76 15:51:01        3.251792        0.381498
FIRE:   77 15:51:01        3.146754        0.367602
FIRE:   78 15:51:01        3.024025        0.358390
FIRE:   79 15:51:01        2.886383        0.360695
FIRE:   80 15:51:01        2.733769        0.374082
FIRE:   81 15:51:01        2.564601        0.388933
FIRE:   82 15:51:01        2.388654        0.394736
FIRE:   83 15:51:01        2.217627        0.372945
FIRE:   84 15:51:01        2.072270        0.323594
FIRE:   85 15:51:01        1.982987        0.221271
FIRE:   86 15:51:01        1.986524        0.355379
FIRE:   87 15:51:01        1.946577        0.159939
FIRE:   88 15:51:01        1.941770        0.114088
FIRE:   89 15:51:01        1.935947        0.106133
FIRE:   90 15:51:01        1.930759        0.112835
FIRE:   91 15:51:01        1.923852        0.115693
FIRE:   92 15:51:01        1.914884        0.114082
FIRE:   93 15:51:01        1.906724        0.109174
FIRE:   94 15:51:01        1.899326        0.108915
FIRE:   95 15:51:01        1.889334        0.114063
FIRE:   96 15:51:02        1.878305        0.118646
FIRE:   97 15:51:02        1.867730        0.115479
FIRE:   98 15:51:02        1.855801        0.101007
FIRE:   99 15:51:02        1.846108        0.088633
FIRE:  100 15:51:02        1.834424        0.085165
FIRE:  101 15:51:02        1.822322        0.085719
FIRE:  102 15:51:02        1.808119        0.089248
FIRE:  103 15:51:02        1.787079        0.097424
FIRE:  104 15:51:02        1.759831        0.102211
FIRE:  105 15:51:02        1.731560        0.157679
FIRE:  106 15:51:02        1.702360        0.165033
FIRE:  107 15:51:02        1.691195        0.113476
FIRE:  108 15:51:02        1.690158        0.113551
FIRE:  109 15:51:02        1.688546        0.113631
FIRE:  110 15:51:02        1.686684        0.113673
FIRE:  111 15:51:02        1.684335        0.113753
FIRE:  112 15:51:02        1.681102        0.114014
FIRE:  113 15:51:02        1.677040        0.114573
FIRE:  114 15:51:02        1.672514        0.115508
FIRE:  115 15:51:02        1.666975        0.117056
FIRE:  116 15:51:02        1.659666        0.119405
FIRE:  117 15:51:02        1.650173        0.122678
FIRE:  118 15:51:02        1.638334        0.127234
FIRE:  119 15:51:02        1.622642        0.134030
FIRE:  120 15:51:02        1.602131        0.143786
FIRE:  121 15:51:02        1.574438        0.156367
FIRE:  122 15:51:03        1.536339        0.172837
FIRE:  123 15:51:03        1.481169        0.197171
FIRE:  124 15:51:03        1.415629        0.223593
FIRE:  125 15:51:03        1.339506        0.252099
FIRE:  126 15:51:03        1.251095        0.285124
FIRE:  127 15:51:03        1.149266        0.322799
FIRE:  128 15:51:03        1.032242        0.362468
FIRE:  129 15:51:03        0.901479        0.394830
FIRE:  130 15:51:03        0.759986        0.420601
FIRE:  131 15:51:03        0.611121        0.438577
FIRE:  132 15:51:03        0.459589        0.445146
FIRE:  133 15:51:03        0.313174        0.432525
FIRE:  134 15:51:03        0.182868        0.393594
FIRE:  135 15:51:03        0.080225        0.328446
FIRE:  136 15:51:03        0.014484        0.230615
FIRE:  137 15:51:03       -0.013752        0.260884
FIRE:  138 15:51:03       -0.018214        0.314056
FIRE:  139 15:51:03       -0.081223        0.069830
FIRE:  140 15:51:03       -0.083337        0.050369
FIRE:  141 15:51:03       -0.084560        0.047961
FIRE:  142 15:51:03       -0.085087        0.044557
FIRE:  143 15:51:03       -0.085301        0.036411
FIRE:  144 15:51:03       -0.085616        0.033621
FIRE:  145 15:51:04       -0.085886        0.032379
FIRE:  146 15:51:04       -0.086046        0.030612
FIRE:  147 15:51:04       -0.086143        0.028369
FIRE:  148 15:51:04       -0.086248        0.026932
FIRE:  149 15:51:04       -0.086380        0.023432
FIRE:  150 15:51:04       -0.086537        0.019481
FIRE:  151 15:51:04       -0.086703        0.015852
FIRE:  152 15:51:04       -0.086874        0.015282
FIRE:  153 15:51:04       -0.086980        0.011585
FIRE:  154 15:51:04       -0.086932        0.015227
FIRE:  155 15:51:04       -0.086952        0.013558
FIRE:  156 15:51:04       -0.086983        0.010437
FIRE:  157 15:51:04       -0.087014        0.006298
